com/asktech/payment/util/nimble/nimbleDto/UserDto.class
com/asktech/payment/util/nimble/IntiatePaymentResponseDto.class
com/asktech/payment/repository/PerfectTransactionDetailsrepository.class
com/asktech/payment/util/Neokrednew/dto/Upiqrordercreate.class
com/asktech/payment/dto/cashfree/SignatureRequestCard.class
com/asktech/payment/util/nimble/nimbleDto/OrderLineItemDto.class
com/asktech/payment/exception/SessionExpiredException.class
com/asktech/payment/util/Paywings/PaywingsProcessor.class
com/asktech/payment/model/EaseBuzzTransactionDetails.class
com/asktech/payment/model/UserAdminDetails.class
com/asktech/payment/dto/utility/SignatureRequestNb.class
com/asktech/payment/constants/cashfree/CashFreeSubmitFields.class
com/asktech/payment/util/Pinwallet/dto/Upireqv1.class
com/asktech/payment/model/Callbacklog.class
com/asktech/payment/util/Neokrednew/dto/Vpaverifyrequest.class
com/asktech/payment/util/GRZPAY/Grezutility.class
com/asktech/payment/util/Neodecentro/dto/Data.class
com/asktech/payment/repository/BankListRepository.class
com/asktech/payment/dto/ippoPay/Phone.class
com/asktech/payment/dto/setu/response/Events.class
com/asktech/payment/dto/payg/PayGResponse.class
com/asktech/payment/service/RemainingPGServices.class
com/asktech/payment/model/PayGTransactionDetails.class
com/asktech/payment/model/MerchantRequest4Customer.class
com/asktech/payment/util/nimble/nimbleDto/OrderRequestDto.class
com/asktech/payment/util/payu/PayuStatusTest.class
com/asktech/payment/dto/payg/OrderPaymentCustomerData.class
com/asktech/payment/dto/ippoPay/IppoPayOrderResponse.class
com/asktech/payment/dto/cashfree/SignatureRequestPaypal.class
com/asktech/payment/util/pineperk/pineDto/RedirectpageFailure.class
com/asktech/payment/dto/easePay/StatusApiReqDto.class
com/asktech/payment/mail/MailIntegration.class
com/asktech/payment/ServletInitializer.class
com/asktech/payment/repository/InputFromPgTransactionUpdateRepository.class
com/asktech/payment/repository/NSDLTransactionDetailsRepository.class
com/asktech/payment/util/Perfect/Dto/Paymentcollectres.class
com/asktech/payment/util/nimble/nimbleDto/TokenRequestDto.class
com/asktech/payment/model/ZavionTransactionDetails.class
com/asktech/payment/dto/error/ErrorDTO.class
com/asktech/payment/constants/cashfree/CashFreeFields.class
com/asktech/payment/dto/easePay/StatusAuthDto.class
com/asktech/payment/constant/Zaakpay/Zaakpayconstants.class
com/asktech/payment/util/Zaakpay/Dto/Data.class
com/asktech/payment/util/nimble/NimbleUtility.class
com/asktech/payment/mail/MailContentBuilder.class
com/asktech/payment/util/Neokrednew/dto/Transactiondetailsres.class
com/asktech/payment/util/nimble/nimbleDto/Request_args.class
com/asktech/payment/repository/PayUTransactionDetailsRepository.class
com/asktech/payment/util/Neokrednew/dto/Upitransferres.class
com/asktech/payment/repository/AirPayTransactionDetailsRepository.class
com/asktech/payment/repository/CardPaymentDetailsRepository.class
com/asktech/payment/dto/easebuzz/EaseBuzzInitiatePaymentResponse.class
com/asktech/payment/util/zavion/ChecksumUtils.class
com/asktech/payment/util/nimble/nimbleDto/IntiatePaymentRequestUpiDto.class
com/asktech/payment/model/seam/SessionDetailsNonSeamless.class
com/asktech/payment/repository/SMSDetailsRepository.class
com/asktech/payment/util/payg/PayGPaymentUtility.class
com/asktech/payment/model/CardPaymentDetails.class
com/asktech/payment/dto/utility/SignatureRequestAll.class
com/asktech/payment/util/rblQR/RblQrUtility.class
com/asktech/payment/util/easypay/EasyPayUtility.class
com/asktech/payment/util/Zaakpay/Dto/WalletBankpostdata.class
com/asktech/payment/dto/payg/IntegrationData.class
com/asktech/payment/controller/PGGatewayController.class
com/asktech/payment/util/Pinwallet/dto/Calldata.class
com/asktech/payment/util/payaid/payaidDto/PaymentRequestDto.class
com/asktech/payment/dto/nsdl/NSDLStatusResponseDecode.class
com/asktech/payment/model/ServiceWisePaymentThresholdLog.class
com/asktech/payment/dto/payg/PayGOrderStatusRequest.class
com/asktech/payment/repository/CashfreeTransactionDetailsRepository.class
com/asktech/payment/util/nimble/nimbleDto/NimbllStatusApiRes.class
com/asktech/payment/repository/PGInputFromCustomerDetailsRepository.class
com/asktech/payment/util/PayStar/PayStarDto/PayStarStatusResponse.class
com/asktech/payment/config/CashfreeConfig.class
com/asktech/payment/util/asanpay/ChecksumUtils.class
com/asktech/payment/dto/razorPay/Card.class
com/asktech/payment/util/Pinwallet/dto/Callbackdtov4.class
com/asktech/payment/model/PaytmTransactionDetails.class
com/asktech/payment/dto/payg/CustomerData.class
com/asktech/payment/constant/paytm/PaytmConstants.class
com/asktech/payment/util/Kopaypayments/Dto/Transactionstatus.class
com/asktech/payment/util/Neokrednew/dto/Upiintentreq.class
com/asktech/payment/dto/payg/OrderPaymentTransactionDetail.class
com/asktech/payment/repository/customeinterface/IBankList.class
com/asktech/payment/repository/CustomerInputDetailsRepository.class
com/asktech/payment/util/onepay/EncryptionOnePay.class
com/asktech/payment/util/GRZPAY/dto/Address.class
com/asktech/payment/dto/seam/UserResponse.class
com/asktech/payment/model/Grzpaytransactiondetails.class
com/asktech/payment/repository/NeokredtransactiondetailsRepository.class
com/asktech/payment/util/GRZPAY/dto/Transactionstatusres.class
com/asktech/payment/enums/ApprovalStatus.class
com/asktech/payment/util/pineperk/pineDto/Payment_info_data.class
com/asktech/payment/repository/PaytmTransactionDetailsRepository.class
com/asktech/payment/util/letzpay/LetzpayUtilityClass.class
com/asktech/payment/util/Zaakpay/Dto/WalletreqOrderDetail.class
com/asktech/payment/util/nsdl/DataHashing.class
com/asktech/payment/util/neoCred/NeoCredSaveData.class
com/asktech/payment/dto/Responseformdata.class
com/asktech/payment/repository/MerchantDetailsRepository.class
com/asktech/payment/util/Neokrednew/dto/Data_qr.class
com/asktech/payment/util/Neokrednew/dto/Upitransfer.class
com/asktech/payment/util/pineperk/pineDto/Pinebase.class
com/asktech/payment/util/neoCred/neoCredDto/Status.class
com/asktech/payment/dto/easePay/EasePayCallBackResp.class
com/asktech/payment/util/Kitzone/Dto/ResultDt.class
com/asktech/payment/repository/TransactionDetailsRepository.class
com/asktech/payment/util/airPay/dto/failedRes/RESPONSEfail.class
com/asktech/payment/constants/cashfree/CashFreeCardsFields.class
com/asktech/payment/util/sayu/SayUPaymentUtility.class
com/asktech/payment/dto/paywings/ReponseDataObject.class
com/asktech/payment/dto/nsdl/NSDLAuthorizationEncRequest.class
com/asktech/payment/model/OnePayTransactionDetails.class
com/asktech/payment/dto/payg/PayGErrorResponseInitiator.class
com/asktech/payment/util/grezpay/ChecksumUtils.class
com/asktech/payment/dto/cashfree/SignatureRequestNb.class
com/asktech/payment/model/Zaakpaytransactiondetails.class
com/asktech/payment/util/paytm/PaytmPgUtility.class
com/asktech/payment/dto/pgpolicy/PolicyDetails.class
com/asktech/payment/constants/payget/PayGetCardsFields.class
com/asktech/payment/dto/payg/Wallet.class
com/asktech/payment/repository/AsanPayTransactionDetailsRepository.class
com/asktech/payment/model/Pinwallettransactiondetails.class
com/asktech/payment/util/nimble/nimbleDto/PollingStatusApiRes.class
com/asktech/payment/util/nimble/nimbleDto/UserCreateOrderResponseDto.class
com/asktech/payment/util/Neodecentro/dto/CallbackDto.class
com/asktech/payment/dto/sabPaisa/SabPaisaTransactionStatus.class
com/asktech/payment/util/neoCred/neoCredDto/BankDetails.class
com/asktech/payment/dto/easePay/StatusRes.class
com/asktech/payment/util/isgpg/IsgPgUtility.class
com/asktech/payment/constant/NetBankingFields.class
com/asktech/payment/repository/seam/CustomerRequestRepository.class
com/asktech/payment/util/Kitzone/Dto/VpapayRes.class
com/asktech/payment/util/Neodecentro/dto/Datat.class
com/asktech/payment/report/IAmountThresold.class
com/asktech/payment/util/Zaakpay/Dto/OrderDetailwallet.class
com/asktech/payment/util/Pinwallet/dto/Upires.class
com/asktech/payment/service/UserRequestSeamService.class
com/asktech/payment/constants/freecharge/Freechagre.class
com/asktech/payment/util/airPay/dto/statusapi/TRANSACTION.class
com/asktech/payment/util/freecharge/FreeChargeUtility.class
com/asktech/payment/enums/SuccessCode.class
com/asktech/payment/model/PaygetTransactionsDetails.class
com/asktech/payment/util/grezpay/GrezPayPaymentUtility.class
com/asktech/payment/util/nimble/nimbleDto/returnData/Device.class
com/asktech/payment/util/nimble/nimbleDto/Extra_info.class
com/asktech/payment/util/Neodecentro/Decentroutility.class
com/asktech/payment/config/CorsConfig$1.class
com/asktech/payment/util/trustlypay/trustlydto/Requestdto.class
com/asktech/payment/util/Neokrednew/dto/Data_intent.class
com/asktech/payment/util/Pinwallet/dto/Authreq.class
com/asktech/payment/model/UserSession.class
com/asktech/payment/util/Paywings/PaywingsUtility.class
com/asktech/payment/repository/AtomTransactionDetailsRepository.class
com/asktech/payment/util/Kitzone/Dto/EncTransactionstatus.class
com/asktech/payment/util/nimble/nimbleDto/returnData/User.class
com/asktech/payment/dto/utility/SigntureRequestUpi.class
com/asktech/payment/filters/PaymentFirewallFilterConfig.class
com/asktech/payment/util/pineperk/pineDto/Shipping_address_data.class
com/asktech/payment/repository/Decentrotransactiondetailsrepo.class
com/asktech/payment/dto/utility/SignatureRequestParent.class
com/asktech/payment/constant/ErrorValues.class
com/asktech/payment/util/onepay/OnePayDecryptRes.class
com/asktech/payment/dto/utilityServices/CardBinResponse.class
com/asktech/payment/util/GRZPAY/dto/Upirequest.class
com/asktech/payment/util/Neokrednew/dto/Data.class
com/asktech/payment/util/nimble/nimbleDto/TokenResponseDto.class
com/asktech/payment/constant/payg/PayGConstants.class
com/asktech/payment/dto/onepay/ResponseDecryptData.class
com/asktech/payment/util/nimble/nimbleDto/CustomAttributesDto.class
com/asktech/payment/util/Zaakpay/Dto/OrderDetailcollect.class
com/asktech/payment/enums/TransactionMethods.class
com/asktech/payment/dto/ippoPay/Customer.class
com/asktech/payment/security/Encryption.class
com/asktech/payment/util/StatusCodes.class
com/asktech/payment/repository/SabPaisaTransactionDetailsRepository.class
com/asktech/payment/util/payget/PaygetUtility.class
com/asktech/payment/model/EasyPayLogs.class
com/asktech/payment/model/InputFromPgTransactionUpdate.class
com/asktech/payment/util/GRZPAY/dto/Intentflowres.class
com/asktech/payment/enums/UserTypes.class
com/asktech/payment/constant/icici/ICICIConstants.class
com/asktech/payment/enums/ComplaintStatus.class
com/asktech/payment/util/Kitzone/Dto/StatusResult.class
com/asktech/payment/util/Kitzone/Dto/Datum.class
com/asktech/payment/service/PGGatewayPolicies.class
com/asktech/payment/dto/razorPay/PaymentPageRequest.class
com/asktech/payment/util/BlockValidation.class
com/asktech/payment/util/Kopaypayments/Dto/Intentres.class
com/asktech/payment/util/letzpay/ChecksumUtils.class
com/asktech/payment/model/SetuLinkGeneration.class
com/asktech/payment/util/GRZPAY/dto/Walletrequest.class
com/asktech/payment/model/seam/CardPaymentDetails.class
com/asktech/payment/util/GRZPAY/dto/PaymentMethodDetailswallet.class
com/asktech/payment/dto/cashfree/SignatureRequestAll.class
com/asktech/payment/constant/MerchantResponseContants.class
com/asktech/payment/util/Neokrednew/dto/Data_s.class
com/asktech/payment/util/Zaakpay/Dto/CallbackDto.class
com/asktech/payment/util/nimble/nimbleDto/NetbankingResponseDto.class
com/asktech/payment/dto/setu/response/PartnerDetails.class
com/asktech/payment/dto/payget/PaymentRequestUPIDto.class
com/asktech/payment/util/neoCred/neoCredDto/createVaResponse/Data.class
com/asktech/payment/util/Zaakpay/Dto/Walletserviceres.class
com/asktech/payment/model/CustomerInputDetails.class
com/asktech/payment/util/Perfect/PerfectUtility.class
com/asktech/payment/util/GRZPAY/dto/PaymentMethodDetailsupi.class
com/asktech/payment/repository/PgProfileRepo.class
com/asktech/payment/util/Kitzone/Dto/Paymentres.class
com/asktech/payment/util/Kopaypayments/Dto/Dataum.class
com/asktech/payment/repository/IppoPayTransactionDetailsRepository.class
com/asktech/payment/dto/sabPaisa/SabPaisaResponse.class
com/asktech/payment/model/PGConfigurationDetails.class
com/asktech/payment/util/Zaakpay/Dto/Order.class
com/asktech/payment/util/payaid/PayAidModel.class
com/asktech/payment/util/pineperk/pineDto/Billing_address_data.class
com/asktech/payment/repository/MerchantPGDetailsRepository.class
com/asktech/payment/dto/setu/PaymentLink.class
com/asktech/payment/enums/FormValidationExceptionEnums.class
com/asktech/payment/util/neoCred/neoCredDto/CustomerResponse.class
com/asktech/payment/util/nimble/nimbleDto/OrderResponseSubDto.class
com/asktech/payment/repository/PgErrorCodeRepository.class
com/asktech/payment/dto/seam/UserRequest.class
com/asktech/payment/util/Neokrednew/NeokredSaveData.class
com/asktech/payment/constant/UpiFields.class
com/asktech/payment/repository/PGConfigurationDetailsRepository.class
com/asktech/payment/util/Zaakpay/Dto/BankPostData.class
com/asktech/payment/constant/CardsFields.class
com/asktech/payment/service/webhook/WebhookServiceGrezPay.class
com/asktech/payment/util/Zaakpay/Dto/Txn.class
com/asktech/payment/util/neoCred/neoCredDto/CustomerAuthenticate.class
com/asktech/payment/dto/payu/CardValidateResponse.class
com/asktech/payment/util/Neokrednew/dto/Vpaverifyres.class
com/asktech/payment/repository/MailDetailsRepository.class
com/asktech/payment/util/pineperk/pineDto/Carddata.class
com/asktech/payment/constant/airPay/AirPayConstants.class
com/asktech/payment/util/Kitzone/Dto/Paymentreq.class
com/asktech/payment/dto/nsdl/NSDLAuthenticationRequest.class
com/asktech/payment/util/Zaakpay/Dto/Callbackchecksum.class
com/asktech/payment/repository/UserDetailsRepository.class
com/asktech/payment/util/nimble/nimbleDto/PaymentResUpiDto.class
com/asktech/payment/dto/utility/SignatureRequestWallet.class
com/asktech/payment/util/nimble/nimbleDto/PaymentReqUpiDto.class
com/asktech/payment/repository/GPAYPaymentDetailsRepository.class
com/asktech/payment/controller/SeamCustomerRequestController.class
com/asktech/payment/util/Kitzone/Kitzoneutility.class
com/asktech/payment/model/IppoPayTransactionDetails.class
com/asktech/payment/filters/PaymentFirewallFilter.class
com/asktech/payment/enums/AskTechGateway.class
com/asktech/payment/util/airPay/dto/TRANSACTION.class
com/asktech/payment/model/TransactionDetails.class
com/asktech/payment/util/neoCred/neoCredDto/NeoStatusResponse.class
com/asktech/payment/util/Kitzone/Dto/Transactionstatusresultdt.class
com/asktech/payment/util/Neokrednew/dto/Transactiondetailsreq.class
com/asktech/payment/util/Kitzone/Dto/EcryptCollectDto.class
com/asktech/payment/repository/OnePayTransactionDetailsRepository.class
com/asktech/payment/util/Kitzone/Dto/ResultDttrans.class
com/asktech/payment/constant/payu/PayUConstants.class
com/asktech/payment/constant/zavion/ZavionContants.class
com/asktech/payment/repository/customeinterface/IWalletList.class
com/asktech/payment/util/Kitzone/Dto/StatusWithResultdt.class
com/asktech/payment/constant/easebuzz/EasebuzzConstants.class
com/asktech/payment/dto/ippoPay/IppoPayOrderCreateRequest.class
com/asktech/payment/util/Pinwallet/dto/Callbackdto.class
com/asktech/payment/util/icici/ICICIUtilityClass.class
com/asktech/payment/util/atom/AtomUtilityClass.class
com/asktech/payment/model/TransactionDetailsLog.class
com/asktech/payment/dto/freeCharge/FreeChargeResponse.class
com/asktech/payment/dto/payg/PayGErrorResponse.class
com/asktech/payment/constant/Fields.class
com/asktech/payment/util/PaymentLogs.class
com/asktech/payment/util/Zaakpay/Dto/Walletservicereq.class
com/asktech/payment/repository/seam/BankListCashfreeRepository.class
com/asktech/payment/repository/NBPaymentDetailsRepository.class
com/asktech/payment/dto/utility/SignatureRequestCard.class
com/asktech/payment/util/nimble/nimbleDto/Extra_infoNetBankingDto.class
com/asktech/payment/util/nimble/NimbleModelRepo.class
com/asktech/payment/model/NBPaymentDetails.class
com/asktech/payment/enums/TicketStatus.class
com/asktech/payment/model/RazorPayTransactionDetails.class
com/asktech/payment/util/payu/PayUPaymentUtility.class
com/asktech/payment/util/Zaakpay/Dto/WalletNetBanking.class
com/asktech/payment/util/PayStar/PayStarDto/PaymentResp.class
com/asktech/payment/util/Kopaypayments/Dto/Collectreq.class
com/asktech/payment/util/Zaakpay/Dto/PaymentInstrument.class
com/asktech/payment/dto/atom/AtomTransactionStatus.class
com/asktech/payment/util/pineperk/pineDto/Pineperk.class
com/asktech/payment/util/airPay/dto/failedRes/TRANSACTION.class
com/asktech/payment/util/onepay/OnePayPaymentUtils.class
com/asktech/payment/util/asanpay/AsanPayPaymentUtility.class
com/asktech/payment/util/nimble/nimbleDto/OrderResponseDto.class
com/asktech/payment/util/Perfect/PerfectRequest.class
com/asktech/payment/util/razorPay/Signature.class
com/asktech/payment/dto/setu/Error.class
com/asktech/payment/service/webhook/WebhookServiceAsanpay.class
com/asktech/payment/util/gatepay/GetePayUtilities.class
com/asktech/payment/util/nimble/nimbleDto/DataNetbanking.class
com/asktech/payment/util/pineperk/HashingAlgorithm.class
com/asktech/payment/constants/cashfree/CashFreeResponseFormData.class
com/asktech/payment/controller/ExceptionHandlerController.class
com/asktech/payment/model/GrezPayTransactionDetails.class
com/asktech/payment/dto/ippoPay/Merchant.class
com/asktech/payment/util/nsdl/NSDLUtilityClass.class
com/asktech/payment/util/Zaakpay/Dto/Netbankingcollect.class
com/asktech/payment/dto/nsdl/NSDLStatusRequest.class
com/asktech/payment/dto/razorPay/Items.class
com/asktech/payment/util/Neodecentro/dto/UpiIntentdto.class
com/asktech/payment/util/Kitzone/Dto/PaymentresResultdt.class
com/asktech/payment/util/letzpay/LtzPay.class
com/asktech/payment/util/Neokrednew/dto/Data_t.class
com/asktech/payment/model/UPIPaymentDetails.class
com/asktech/payment/util/isgpg/IsgPgChecksum.class
com/asktech/payment/dto/setu/response/Data.class
com/asktech/payment/util/nimble/ErrorDto.class
com/asktech/payment/enums/ValidationExceptions.class
com/asktech/payment/repository/Kopayrepository.class
com/asktech/payment/model/ResponstToMerchantDetails.class
com/asktech/payment/util/nimble/nimbleDto/returnData/Sub_payment_mode.class
com/asktech/payment/dto/setu/SetuErrorResponse.class
com/asktech/payment/util/neoCred/neoCredDto/CreateVaResponse.class
com/asktech/payment/model/UserDetails.class
com/asktech/payment/dto/grezpay/GrezPayTransactionStatus.class
com/asktech/payment/repository/WalletListRepository.class
com/asktech/payment/repository/NeoCredTransactionDetailsRepo.class
com/asktech/payment/util/nimble/nimbleDto/AuthPrincipal.class
com/asktech/payment/model/WalletPaymentDetails.class
com/asktech/payment/constant/onepay/OnePayTransactionResponse.class
com/asktech/payment/util/nsdl/DataEncryptionDecryption.class
com/asktech/payment/util/neoCred/neoCredDto/UpiDetails.class
com/asktech/payment/model/PgErrorCodes.class
com/asktech/payment/dto/razorPay/RazorPayments.class
com/asktech/payment/util/Kopaypayments/Dto/Intentreq.class
com/asktech/payment/util/nimble/nimbleDto/NetbankingRequestDto.class
com/asktech/payment/util/Pinwallet/dto/Upiresv.class
com/asktech/payment/dto/PgConfigurationList.class
com/asktech/payment/model/FreeChargeTransactionDetails.class
com/asktech/payment/util/GRZPAY/dto/PaymentResponse.class
com/asktech/payment/repository/GetePayTransactionDetailsRepository.class
com/asktech/payment/model/MailDetails.class
com/asktech/payment/util/Kopaypayments/Dto/Collectres.class
com/asktech/payment/model/WalletList.class
com/asktech/payment/repository/LetzpayTransactionDetailsRepository.class
com/asktech/payment/util/Pinwallet/dto/ResDatav3.class
com/asktech/payment/model/DecentroTransactiondetails.class
com/asktech/payment/dto/ippoPay/PaymentModes.class
com/asktech/payment/dto/nsdl/NSDLCardDecryptAuthoResp.class
com/asktech/payment/constants/setu/Setu.class
com/asktech/payment/util/Neokrednew/dto/Upiintentres.class
com/asktech/payment/dto/payget/ResultInfo.class
com/asktech/payment/util/Perfect/Dto/TrnxStatusResult.class
com/asktech/payment/util/SetuTokenGeneration.class
com/asktech/payment/model/SMSDetails.class
com/asktech/payment/model/ICICIBankTransactionDetails.class
com/asktech/payment/util/airPay/AirpaySecurity.class
com/asktech/payment/dto/sabPaisa/SabPaisaStatusRequest.class
com/asktech/payment/model/CashfreeTransactionDetails.class
com/asktech/payment/dto/razorPay/Acquirer_data.class
com/asktech/payment/dto/razorPay/OrderCreateRequest.class
com/asktech/payment/repository/GrezPayTransactionDetailsRepository.class
com/asktech/payment/dto/paytm/Paytmpopulate.class
com/asktech/payment/repository/MerchantPGServicesRepository.class
com/asktech/payment/util/atom/AtomIntegration.class
com/asktech/payment/dto/payg/PayGOrderRequest.class
com/asktech/payment/dto/utility/MerchantValidationFilterDto.class
com/asktech/payment/model/PGInputFromCustomerDetails.class
com/asktech/payment/dto/paywings/PaymentResponsePayModeNB.class
com/asktech/payment/util/atom/AtomAES.class
com/asktech/payment/util/pineperk/pineDto/PineTokenResponseDto.class
com/asktech/payment/util/Pinwallet/dto/Resdata.class
com/asktech/payment/util/onepay/dto/Callbackdto.class
com/asktech/payment/util/Zaakpay/Dto/WalletPaymentInstrument.class
com/asktech/payment/util/GRZPAY/dto/Customerdetailsres.class
com/asktech/payment/service/PGNonSeamLessService.class
com/asktech/payment/model/EasePayTransactionDetails.class
com/asktech/payment/dto/gatepay/GatePayPaymentResponse.class
com/asktech/payment/util/setu/SetuUpiUtility.class
com/asktech/payment/model/BlockList.class
com/asktech/payment/constant/gatepay/GatePayContants.class
com/asktech/payment/repository/EasePayTransactionDetailsRepository.class
com/asktech/payment/util/pineperk/pineDto/Merchant_data.class
com/asktech/payment/enums/UserStatus.class
com/asktech/payment/util/Validator.class
com/asktech/payment/dto/payg/PayGOrderStatusResponse.class
com/asktech/payment/dto/cashfree/SignatureRequestParent.class
com/asktech/payment/security/AmazonKMS.class
com/asktech/payment/util/Zaakpay/Dto/CollectResponse.class
com/asktech/payment/util/Neodecentro/dto/Transactionstatusres.class
com/asktech/payment/util/pineperk/pineDto/OrderDataResponseDto.class
com/asktech/payment/dto/utility/SigntureRequestEmi.class
com/asktech/payment/repository/Callbacklogrepository.class
com/asktech/payment/dto/pgpolicy/PgPolicies.class
com/asktech/payment/dto/nsdl/NSDLAuthorizationRequest.class
com/asktech/payment/util/Pinwallet/dto/Calldatav4.class
com/asktech/payment/util/pineperk/pineDto/Product_info_data.class
com/asktech/payment/dto/nsdl/NSDLStatusResponse.class
com/asktech/payment/repository/SetuWebhookResponseRepository.class
com/asktech/payment/util/GRZPAY/dto/Netbankingrequest.class
com/asktech/payment/util/PayStar/PayStarUtility.class
com/asktech/payment/constant/atom/AtomConstants.class
com/asktech/payment/exception/FormValidationException.class
com/asktech/payment/util/atom/SignatureGenerate.class
com/asktech/payment/util/pineperk/pineDto/RedirectpageSuccess.class
com/asktech/payment/exception/JWTException.class
com/asktech/payment/model/Neokredtransactiondetails.class
com/asktech/payment/model/PayUTransactionDetails.class
com/asktech/payment/model/Kitzonetransactionsdetails.class
com/asktech/payment/util/Neokrednew/dto/Upiqrordercreateres.class
com/asktech/payment/config/CorsConfig.class
com/asktech/payment/util/neoCred/NeoCredUtility.class
com/asktech/payment/constants/setu/SetuResponseFormData.class
com/asktech/payment/util/Perfect/Dto/Transactionstatusres.class
com/asktech/payment/dto/paywings/PaymentRequestDto.class
com/asktech/payment/service/PaymentVerification.class
com/asktech/payment/controller/WebhookController.class
com/asktech/payment/model/seam/CustomerRequest.class
com/asktech/payment/util/Pinwallet/dto/Upireq.class
com/asktech/payment/util/sabPaisa/SabPaisaPaymentUtility.class
com/asktech/payment/util/Zaakpay/Dto/Realtime.class
com/asktech/payment/util/Zaakpay/Dto/Paymentreq.class
com/asktech/payment/util/Paywings/PaywingsRequest.class
com/asktech/payment/model/PgProfile.class
com/asktech/payment/dto/nsdl/NSDLStatusEncRequest.class
com/asktech/payment/util/GRZPAY/dto/Type.class
com/asktech/payment/util/Perfect/Dto/PaymentResponse.class
com/asktech/payment/util/nimble/NimbleModel.class
com/asktech/payment/dto/nsdl/NetBanking.class
com/asktech/payment/model/SabPaisaTransactionDetails.class
com/asktech/payment/util/neoCred/neoCredDto/PaymentDetails.class
com/asktech/payment/model/TransactionDetailsAll.class
com/asktech/payment/dto/email/MerchantEmail.class
com/asktech/payment/util/Kitzone/Dto/Transactionstatusres.class
com/asktech/payment/constant/ippopay/IppoPayConstants.class
com/asktech/payment/util/Zaakpay/Dto/ShippingAddress.class
com/asktech/payment/util/GeneralUtils.class
com/asktech/payment/util/Kopaypayments/Dto/Transactionstatusres.class
com/asktech/payment/util/PayStar/PayStarDto/Statusresponsedto.class
com/asktech/payment/exception/UserException.class
com/asktech/payment/repository/EMIPaymentDetailsRepository.class
com/asktech/payment/util/Zaakpay/Dto/TxnData.class
com/asktech/payment/repository/PayGTransactionDetailsRepository.class
com/asktech/payment/util/Zaakpay/Dto/WalletreqNB.class
com/asktech/payment/repository/Grzpayrepository.class
com/asktech/payment/dto/utilityServices/CardBinDetails.class
com/asktech/payment/model/MerchantDetails.class
com/asktech/payment/dto/seam/CrLinkdto.class
com/asktech/payment/util/cashfree/CashFreeUtilityClass.class
com/asktech/payment/model/AtomTransactionDetails.class
com/asktech/payment/repository/TransactionDetailsAllRepository.class
com/asktech/payment/util/GRZPAY/dto/Paymentdetailsres.class
com/asktech/payment/util/Neokrednew/dto/CallbackDto.class
com/asktech/payment/repository/FreeChargeTransactionDetailsRepo.class
com/asktech/payment/enums/UserExceptions.class
com/asktech/payment/util/Zaakpay/Dto/WalletOrderDetail.class
com/asktech/payment/repository/EaseBuzzTransactionDetailsRepository.class
com/asktech/payment/dto/nsdl/NSDLAuthorizationResponse.class
com/asktech/payment/repository/SetuLinkGenerationRepository.class
com/asktech/payment/util/nimble/nimbleDto/returnData/Transaction.class
com/asktech/payment/dto/cashfree/SigntureRequestEmi.class
com/asktech/payment/util/Zaakpay/Dto/BillingAddress.class
com/asktech/payment/dto/ippoPay/Order.class
com/asktech/payment/repository/WalletPaymentDetailsRepository.class
com/asktech/payment/PaymentApplication.class
com/asktech/payment/model/MerchantPGDetails.class
com/asktech/payment/util/Pinwallet/Pinutility.class
com/asktech/payment/util/GRZPAY/dto/PaymentMethodDetails.class
com/asktech/payment/enums/PaymentOption.class
com/asktech/payment/repository/Kitzonerepository.class
com/asktech/payment/util/FormValidationsCashFree.class
com/asktech/payment/util/Kitzone/Dto/Datumtran.class
com/asktech/payment/util/PaytmUtilityFunction.class
com/asktech/payment/util/Paywings/Dto/Paymentreqdto.class
com/asktech/payment/repository/RazorPayTransactionDetailsRepository.class
com/asktech/payment/util/GRZPAY/dto/Billingdetails.class
com/asktech/payment/dto/setu/SetuResponsePayment.class
com/asktech/payment/dto/setu/response/WebhookResponse.class
com/asktech/payment/util/Zaakpay/Dto/PaymentInstrumentcollect.class
com/asktech/payment/util/GRZPAY/dto/Intentflowreq.class
com/asktech/payment/util/PayStar/PayStarDto/PayStartMsgDto.class
com/asktech/payment/model/PGServiceDetails.class
com/asktech/payment/util/Kopaypayments/Kopayutility.class
com/asktech/payment/util/nimble/nimbleDto/StatusApiNimbblRes.class
com/asktech/payment/dto/easePay/StatusApiResDto.class
com/asktech/payment/util/easebuzz/EasebuzzPaymentUtils.class
com/asktech/payment/util/Zaakpay/Dto/Netbanking.class
com/asktech/payment/dto/setu/response/AmountPaid.class
com/asktech/payment/util/Zaakpay/Dto/Transactionstatusres.class
com/asktech/payment/dto/onepay/ResponseEncryptData.class
com/asktech/payment/constant/ReturnMerchantAttributes.class
com/asktech/payment/model/BankList.class
com/asktech/payment/dto/payget/PaymentUPIResponseDto.class
com/asktech/payment/util/pineperk/pineDto/Paymentrequest.class
com/asktech/payment/dto/setu/SetuPaymentLinkCreation.class
com/asktech/payment/util/Pinwallet/dto/Upiresv3.class
com/asktech/payment/service/NotiFyURLService2Merchant.class
com/asktech/payment/util/FieldDefinitionsNonSeamless.class
com/asktech/payment/constant/Keys.class
com/asktech/payment/util/Pinwallet/dto/Resdatav.class
com/asktech/payment/dto/setu/Amount.class
com/asktech/payment/model/IsgPgTransactionDetail.class
com/asktech/payment/repository/MerchantRequest4CustomerRepository.class
com/asktech/payment/dto/setu/ApiResponse.class
com/asktech/payment/model/PerfectTransactionDetails.class
com/asktech/payment/util/Kopaypayments/Dto/Datat.class
com/asktech/payment/util/Utility.class
com/asktech/payment/enums/PGServices.class
com/asktech/payment/model/Kopaytransactiondetails.class
com/asktech/payment/util/Kitzone/Dto/Encrypreq.class
com/asktech/payment/util/GRZPAY/dto/Transactionstatusreq.class
com/asktech/payment/util/nimble/nimbleDto/returnData/Order.class
com/asktech/payment/util/Neodecentro/dto/Upires.class
com/asktech/payment/model/EMIPaymentDetails.class
com/asktech/payment/util/Kitzone/Dto/NewpaymentReq.class
com/asktech/payment/util/razorPay/RazorPayPaymentUtility.class
com/asktech/payment/util/Zaakpay/Dto/OrderDetail.class
com/asktech/payment/util/airPay/dto/Chkvaluest.class
com/asktech/payment/dto/payg/Upi.class
com/asktech/payment/util/nimble/NimbleSaveData.class
com/asktech/payment/service/webhook/WebhookServiceLetsPay.class
com/asktech/payment/util/Pinwallet/dto/Authres.class
com/asktech/payment/model/AbstractTimeStampAndId.class
com/asktech/payment/util/onepay/OnePayResponseDto.class
com/asktech/payment/util/pineperk/pineDto/Customer_data.class
com/asktech/payment/dto/razorPay/OrderCreateResponse.class
com/asktech/payment/util/airPay/dto/RESPONSE.class
com/asktech/payment/util/Neodecentro/dto/Upireq.class
com/asktech/payment/dto/payg/TransactionData.class
com/asktech/payment/util/onepay/Request.class
com/asktech/payment/util/Zaakpay/ZaakpayUtility.class
com/asktech/payment/service/PGGatewayService.class
com/asktech/payment/util/pineperk/pineDto/StatusResponseDto.class
com/asktech/payment/repository/ServiceWisePaymentThresholdRepo.class
com/asktech/payment/util/Zaakpay/Dto/Transactionstatusreq.class
com/asktech/payment/constant/paytm/PaytmResponseFormData.class
com/asktech/payment/util/pineperk/pineDto/Additional_info_data.class
com/asktech/payment/dto/paywings/PaymentResponsePayModeUPI.class
com/asktech/payment/util/Pinwallet/dto/Partner.class
com/asktech/payment/dto/payg/Netbanking.class
com/asktech/payment/dto/cashfree/MerchantDetails.class
com/asktech/payment/dto/setu/Data.class
com/asktech/payment/util/EncryptSignature.class
com/asktech/payment/util/payaid/PayaidUtility.class
com/asktech/payment/constants/letzpay/LetsPayConstants.class
com/asktech/payment/dto/utility/SignatureRequestPaypal.class
com/asktech/payment/util/Kitzone/Dto/VpapayresResultdt.class
com/asktech/payment/constant/sabPaisa/SabPaisaConstants.class
com/asktech/payment/model/NeoCredTransactionDetails.class
com/asktech/payment/repository/BlockListRepo.class
com/asktech/payment/constant/onepay/OnePayConstants.class
com/asktech/payment/util/Kitzone/Dto/Encrypres.class
com/asktech/payment/util/Zaakpay/Dto/WalletreqpayInstrument.class
com/asktech/payment/util/Pinwallet/dto/Data.class
com/asktech/payment/util/pineperk/pineDto/Product_details.class
com/asktech/payment/dto/razorPay/Error.class
com/asktech/payment/model/GetePayTransactionDetails.class
com/asktech/payment/model/LetzpayTransactionDetails.class
com/asktech/payment/model/GPAYPaymentDetails.class
com/asktech/payment/util/payaid/payaidDto/PaymentResponseDto.class
com/asktech/payment/constant/TransactioMethods.class
com/asktech/payment/model/AsanPayTransactionDetails.class
com/asktech/payment/util/pineperk/PinePerkUtility.class
com/asktech/payment/util/neoCred/neoCredDto/CustomerAuthenticateResponse.class
com/asktech/payment/util/easypay/CheckSumUtils.class
com/asktech/payment/util/airPay/dto/statusapi/RESPONSEsta.class
com/asktech/payment/dto/ippoPay/Data.class
com/asktech/payment/util/PayStar/PaystarModelRepo.class
com/asktech/payment/repository/IsgPgTransactionDetailRepo.class
com/asktech/payment/repository/PaymentGatewayLogsReporsitory.class
com/asktech/payment/dto/utilityServices/Cards.class
com/asktech/payment/util/zavion/ZavionUtilityPayment.class
com/asktech/payment/dto/nsdl/NSDLAuthenticationResponse.class
com/asktech/payment/model/AirPayTransactionDetails.class
com/asktech/payment/util/airPay/dto/ChkvaluestFinal.class
com/asktech/payment/constant/grezpay/GrezPayContants.class
com/asktech/payment/util/pineperk/pineDto/PaymentInfoDataResponse.class
com/asktech/payment/dto/error/ErrorResponseDto.class
com/asktech/payment/dto/cashfree/SigntureRequestUpi.class
com/asktech/payment/util/nimble/nimbleDto/Info.class
com/asktech/payment/model/NSDLTransactionDetails.class
com/asktech/payment/repository/PGServiceDetailsRepository.class
com/asktech/payment/dto/freeCharge/FreeChargeRequest.class
com/asktech/payment/util/Kitzone/Dto/Transactionstatus.class
com/asktech/payment/dto/easePay/DATA.class
com/asktech/payment/model/ServiceWisePaymentThreshold.class
com/asktech/payment/util/nimble/nimbleDto/PollingStatusApi.class
com/asktech/payment/repository/ZavionTransactionDetailsRepository.class
com/asktech/payment/util/nimble/nimbleDto/ShippingAddressDto.class
com/asktech/payment/util/payaid/PayAidModelRepo.class
com/asktech/payment/util/neoCred/neoCredDto/NeoNotifyVpaPayment.class
com/asktech/payment/model/seam/BankListCashfree.class
com/asktech/payment/util/Zaakpay/Dto/OrderDetailresponse.class
com/asktech/payment/config/CORSFilter.class
com/asktech/payment/util/nimble/nimbleDto/returnData/ReturnData.class
com/asktech/payment/constant/WalletFields.class
com/asktech/payment/model/SetuWebhookResponse.class
com/asktech/payment/repository/ResponstToMerchantDetailsRepository.class
com/asktech/payment/util/neoCred/neoCredDto/CreateCustomerVa.class
com/asktech/payment/service/PGGatewayUtilService.class
com/asktech/payment/util/Pinwallet/dto/Upireqv3.class
com/asktech/payment/exception/ValidationExceptions.class
com/asktech/payment/dto/utility/NofityResponse2Merchant.class
com/asktech/payment/util/Neokrednew/Neokredutility.class
com/asktech/payment/util/Zaakpay/HmacUtils.class
com/asktech/payment/dto/cashfree/SignatureRequestWallet.class
com/asktech/payment/dto/nsdl/NSDLAuthenticationEncRequest.class
com/asktech/payment/dto/easePay/EasePayCallBackResponse.class
com/asktech/payment/repository/Zaakpayrepository.class
com/asktech/payment/util/Zaakpay/Dto/OrderDetailreq.class
com/asktech/payment/util/GRZPAY/dto/Upi.class
com/asktech/payment/model/MerchantPGServices.class
com/asktech/payment/constants/freecharge/FreeChargeResponseFormData.class
com/asktech/payment/util/neoCred/neoCredDto/Customer.class
com/asktech/payment/util/PayStar/PaystarModel.class
com/asktech/payment/repository/customeinterface/ITotalPgAmount.class
com/asktech/payment/util/airPay/AirPayPaymentUtility.class
com/asktech/payment/repository/ICICIBankTransactionDetailsRepository.class
com/asktech/payment/util/Kitzone/Dto/Callbackdto.class
com/asktech/payment/repository/UPIPaymentDetailsRepository.class
com/asktech/payment/repository/Pinwalletrepository.class
com/asktech/payment/dto/email/CustomerEmail.class
com/asktech/payment/util/SecurityUtils.class
com/asktech/payment/util/GRZPAY/dto/Callbackdto.class
com/asktech/payment/dto/gatepay/GetepayPaymentRequest.class
com/asktech/payment/util/PayStar/PayStarDto/PayStarTransactionReq.class
com/asktech/payment/dto/asanpay/AsanPayTransactionStatus.class
com/asktech/payment/util/ippopay/IppoPayPaymentUtility.class
