/home/analytiq/Documents/Developer/asktechpaypages_kms/src/main/java/com/asktech/payment/util/payaid/payaidDto/PaymentResponseDto.java
/home/analytiq/Documents/Developer/asktechpaypages_kms/src/main/java/com/asktech/payment/util/Neokrednew/dto/Upiqrordercreate.java
/home/analytiq/Documents/Developer/asktechpaypages_kms/src/main/java/com/asktech/payment/repository/UserDetailsRepository.java
/home/analytiq/Documents/Developer/asktechpaypages_kms/src/main/java/com/asktech/payment/repository/SetuWebhookResponseRepository.java
/home/analytiq/Documents/Developer/asktechpaypages_kms/src/main/java/com/asktech/payment/util/neoCred/neoCredDto/CustomerAuthenticateResponse.java
/home/analytiq/Documents/Developer/asktechpaypages_kms/src/main/java/com/asktech/payment/model/GrezPayTransactionDetails.java
/home/analytiq/Documents/Developer/asktechpaypages_kms/src/main/java/com/asktech/payment/dto/cashfree/SignatureRequestAll.java
/home/analytiq/Documents/Developer/asktechpaypages_kms/src/main/java/com/asktech/payment/util/FormValidationsCashFree.java
/home/analytiq/Documents/Developer/asktechpaypages_kms/src/main/java/com/asktech/payment/dto/pgpolicy/PgPolicies.java
/home/analytiq/Documents/Developer/asktechpaypages_kms/src/main/java/com/asktech/payment/util/Kitzone/Dto/Datumtran.java
/home/analytiq/Documents/Developer/asktechpaypages_kms/src/main/java/com/asktech/payment/repository/SMSDetailsRepository.java
/home/analytiq/Documents/Developer/asktechpaypages_kms/src/main/java/com/asktech/payment/util/PayStar/PayStarDto/Statusresponsedto.java
/home/analytiq/Documents/Developer/asktechpaypages_kms/src/main/java/com/asktech/payment/repository/WalletListRepository.java
/home/analytiq/Documents/Developer/asktechpaypages_kms/src/main/java/com/asktech/payment/util/GRZPAY/dto/Intentflowreq.java
/home/analytiq/Documents/Developer/asktechpaypages_kms/src/main/java/com/asktech/payment/model/BankList.java
/home/analytiq/Documents/Developer/asktechpaypages_kms/src/main/java/com/asktech/payment/repository/Kopayrepository.java
/home/analytiq/Documents/Developer/asktechpaypages_kms/src/main/java/com/asktech/payment/util/isgpg/IsgPgUtility.java
/home/analytiq/Documents/Developer/asktechpaypages_kms/src/main/java/com/asktech/payment/dto/payg/PayGErrorResponseInitiator.java
/home/analytiq/Documents/Developer/asktechpaypages_kms/src/main/java/com/asktech/payment/model/NeoCredTransactionDetails.java
/home/analytiq/Documents/Developer/asktechpaypages_kms/src/main/java/com/asktech/payment/dto/ippoPay/Merchant.java
/home/analytiq/Documents/Developer/asktechpaypages_kms/src/main/java/com/asktech/payment/dto/nsdl/NSDLStatusResponseDecode.java
/home/analytiq/Documents/Developer/asktechpaypages_kms/src/main/java/com/asktech/payment/repository/ServiceWisePaymentThresholdRepo.java
/home/analytiq/Documents/Developer/asktechpaypages_kms/src/main/java/com/asktech/payment/dto/utility/SignatureRequestPaypal.java
/home/analytiq/Documents/Developer/asktechpaypages_kms/src/main/java/com/asktech/payment/util/Kitzone/Dto/Transactionstatus.java
/home/analytiq/Documents/Developer/asktechpaypages_kms/src/main/java/com/asktech/payment/dto/payg/PayGOrderStatusResponse.java
/home/analytiq/Documents/Developer/asktechpaypages_kms/src/main/java/com/asktech/payment/util/Zaakpay/Dto/CollectResponse.java
/home/analytiq/Documents/Developer/asktechpaypages_kms/src/main/java/com/asktech/payment/repository/Pinwalletrepository.java
/home/analytiq/Documents/Developer/asktechpaypages_kms/src/main/java/com/asktech/payment/dto/sabPaisa/SabPaisaResponse.java
/home/analytiq/Documents/Developer/asktechpaypages_kms/src/main/java/com/asktech/payment/dto/setu/SetuResponsePayment.java
/home/analytiq/Documents/Developer/asktechpaypages_kms/src/main/java/com/asktech/payment/util/Kopaypayments/Dto/Datat.java
/home/analytiq/Documents/Developer/asktechpaypages_kms/src/main/java/com/asktech/payment/repository/BlockListRepo.java
/home/analytiq/Documents/Developer/asktechpaypages_kms/src/main/java/com/asktech/payment/util/GRZPAY/dto/Intentflowres.java
/home/analytiq/Documents/Developer/asktechpaypages_kms/src/main/java/com/asktech/payment/model/FreeChargeTransactionDetails.java
/home/analytiq/Documents/Developer/asktechpaypages_kms/src/main/java/com/asktech/payment/dto/payg/OrderPaymentCustomerData.java
/home/analytiq/Documents/Developer/asktechpaypages_kms/src/main/java/com/asktech/payment/dto/payget/PaymentRequestUPIDto.java
/home/analytiq/Documents/Developer/asktechpaypages_kms/src/main/java/com/asktech/payment/constants/cashfree/CashFreeResponseFormData.java
/home/analytiq/Documents/Developer/asktechpaypages_kms/src/main/java/com/asktech/payment/util/Neokrednew/dto/Upiqrordercreateres.java
/home/analytiq/Documents/Developer/asktechpaypages_kms/src/main/java/com/asktech/payment/util/Neodecentro/Decentroutility.java
/home/analytiq/Documents/Developer/asktechpaypages_kms/src/main/java/com/asktech/payment/service/webhook/WebhookServiceGrezPay.java
/home/analytiq/Documents/Developer/asktechpaypages_kms/src/main/java/com/asktech/payment/constant/payg/PayGConstants.java
/home/analytiq/Documents/Developer/asktechpaypages_kms/src/main/java/com/asktech/payment/util/nimble/nimbleDto/Extra_info.java
/home/analytiq/Documents/Developer/asktechpaypages_kms/src/main/java/com/asktech/payment/util/Zaakpay/Dto/BankPostData.java
/home/analytiq/Documents/Developer/asktechpaypages_kms/src/main/java/com/asktech/payment/model/MerchantRequest4Customer.java
/home/analytiq/Documents/Developer/asktechpaypages_kms/src/main/java/com/asktech/payment/dto/utility/NofityResponse2Merchant.java
/home/analytiq/Documents/Developer/asktechpaypages_kms/src/main/java/com/asktech/payment/model/WalletList.java
/home/analytiq/Documents/Developer/asktechpaypages_kms/src/main/java/com/asktech/payment/util/Pinwallet/dto/Calldatav4.java
/home/analytiq/Documents/Developer/asktechpaypages_kms/src/main/java/com/asktech/payment/repository/OnePayTransactionDetailsRepository.java
/home/analytiq/Documents/Developer/asktechpaypages_kms/src/main/java/com/asktech/payment/dto/razorPay/Acquirer_data.java
/home/analytiq/Documents/Developer/asktechpaypages_kms/src/main/java/com/asktech/payment/repository/EaseBuzzTransactionDetailsRepository.java
/home/analytiq/Documents/Developer/asktechpaypages_kms/src/main/java/com/asktech/payment/repository/PGConfigurationDetailsRepository.java
/home/analytiq/Documents/Developer/asktechpaypages_kms/src/main/java/com/asktech/payment/util/nimble/nimbleDto/DataNetbanking.java
/home/analytiq/Documents/Developer/asktechpaypages_kms/src/main/java/com/asktech/payment/util/trustlypay/trustlydto/Responsedto.java
/home/analytiq/Documents/Developer/asktechpaypages_kms/src/main/java/com/asktech/payment/util/Pinwallet/dto/Upireqv1.java
/home/analytiq/Documents/Developer/asktechpaypages_kms/src/main/java/com/asktech/payment/util/payaid/PayAidModel.java
/home/analytiq/Documents/Developer/asktechpaypages_kms/src/main/java/com/asktech/payment/service/webhook/WebhookServiceLetsPay.java
/home/analytiq/Documents/Developer/asktechpaypages_kms/src/main/java/com/asktech/payment/util/GRZPAY/Grezutility.java
/home/analytiq/Documents/Developer/asktechpaypages_kms/src/main/java/com/asktech/payment/model/IppoPayTransactionDetails.java
/home/analytiq/Documents/Developer/asktechpaypages_kms/src/main/java/com/asktech/payment/dto/payu/CardValidateResponse.java
/home/analytiq/Documents/Developer/asktechpaypages_kms/src/main/java/com/asktech/payment/mail/MailIntegration.java
/home/analytiq/Documents/Developer/asktechpaypages_kms/src/main/java/com/asktech/payment/dto/setu/response/Events.java
/home/analytiq/Documents/Developer/asktechpaypages_kms/src/main/java/com/asktech/payment/dto/easePay/StatusApiReqDto.java
/home/analytiq/Documents/Developer/asktechpaypages_kms/src/main/java/com/asktech/payment/util/airPay/dto/failedRes/TRANSACTION.java
/home/analytiq/Documents/Developer/asktechpaypages_kms/src/main/java/com/asktech/payment/util/letzpay/LetzpayUtilityClass.java
/home/analytiq/Documents/Developer/asktechpaypages_kms/src/main/java/com/asktech/payment/config/CashfreeConfig.java
/home/analytiq/Documents/Developer/asktechpaypages_kms/src/main/java/com/asktech/payment/dto/paywings/ReponseDataObject.java
/home/analytiq/Documents/Developer/asktechpaypages_kms/src/main/java/com/asktech/payment/dto/ippoPay/Customer.java
/home/analytiq/Documents/Developer/asktechpaypages_kms/src/main/java/com/asktech/payment/dto/freeCharge/FreeChargeRequest.java
/home/analytiq/Documents/Developer/asktechpaypages_kms/src/main/java/com/asktech/payment/dto/easePay/EasePayCallBackResp.java
/home/analytiq/Documents/Developer/asktechpaypages_kms/src/main/java/com/asktech/payment/dto/razorPay/Items.java
/home/analytiq/Documents/Developer/asktechpaypages_kms/src/main/java/com/asktech/payment/util/nsdl/NSDLUtilityClass.java
/home/analytiq/Documents/Developer/asktechpaypages_kms/src/main/java/com/asktech/payment/util/airPay/dto/failedRes/RESPONSEfail.java
/home/analytiq/Documents/Developer/asktechpaypages_kms/src/main/java/com/asktech/payment/util/Zaakpay/Dto/OrderDetailwallet.java
/home/analytiq/Documents/Developer/asktechpaypages_kms/src/main/java/com/asktech/payment/util/Kopaypayments/Dto/Collectreq.java
/home/analytiq/Documents/Developer/asktechpaypages_kms/src/main/java/com/asktech/payment/util/Zaakpay/Dto/PaymentInstrument.java
/home/analytiq/Documents/Developer/asktechpaypages_kms/src/main/java/com/asktech/payment/util/Zaakpay/Dto/WalletBankpostdata.java
/home/analytiq/Documents/Developer/asktechpaypages_kms/src/main/java/com/asktech/payment/service/RemainingPGServices.java
/home/analytiq/Documents/Developer/asktechpaypages_kms/src/main/java/com/asktech/payment/dto/payg/Netbanking.java
/home/analytiq/Documents/Developer/asktechpaypages_kms/src/main/java/com/asktech/payment/util/Pinwallet/dto/Data.java
/home/analytiq/Documents/Developer/asktechpaypages_kms/src/main/java/com/asktech/payment/dto/error/ErrorDTO.java
/home/analytiq/Documents/Developer/asktechpaypages_kms/src/main/java/com/asktech/payment/dto/easePay/StatusAuthDto.java
/home/analytiq/Documents/Developer/asktechpaypages_kms/src/main/java/com/asktech/payment/dto/paywings/PaymentRequestDto.java
/home/analytiq/Documents/Developer/asktechpaypages_kms/src/main/java/com/asktech/payment/util/pineperk/pineDto/Pinebase.java
/home/analytiq/Documents/Developer/asktechpaypages_kms/src/main/java/com/asktech/payment/dto/paytm/Paytmpopulate.java
/home/analytiq/Documents/Developer/asktechpaypages_kms/src/main/java/com/asktech/payment/util/Neokrednew/dto/Upiintentreq.java
/home/analytiq/Documents/Developer/asktechpaypages_kms/src/main/java/com/asktech/payment/util/GRZPAY/dto/Paymentdetailsres.java
/home/analytiq/Documents/Developer/asktechpaypages_kms/src/main/java/com/asktech/payment/util/GRZPAY/dto/PaymentMethodDetails.java
/home/analytiq/Documents/Developer/asktechpaypages_kms/src/main/java/com/asktech/payment/dto/Responseformdata.java
/home/analytiq/Documents/Developer/asktechpaypages_kms/src/main/java/com/asktech/payment/model/InputFromPgTransactionUpdate.java
/home/analytiq/Documents/Developer/asktechpaypages_kms/src/main/java/com/asktech/payment/util/zavion/ZavionUtilityPayment.java
/home/analytiq/Documents/Developer/asktechpaypages_kms/src/main/java/com/asktech/payment/util/Neokrednew/dto/Vpaverifyres.java
/home/analytiq/Documents/Developer/asktechpaypages_kms/src/main/java/com/asktech/payment/repository/TransactionDetailsRepository.java
/home/analytiq/Documents/Developer/asktechpaypages_kms/src/main/java/com/asktech/payment/util/Perfect/Dto/TrnxStatusResult.java
/home/analytiq/Documents/Developer/asktechpaypages_kms/src/main/java/com/asktech/payment/util/razorPay/Signature.java
/home/analytiq/Documents/Developer/asktechpaypages_kms/src/main/java/com/asktech/payment/util/Zaakpay/Dto/Transactionstatusres.java
/home/analytiq/Documents/Developer/asktechpaypages_kms/src/main/java/com/asktech/payment/controller/PGGatewayController.java
/home/analytiq/Documents/Developer/asktechpaypages_kms/src/main/java/com/asktech/payment/repository/Callbacklogrepository.java
/home/analytiq/Documents/Developer/asktechpaypages_kms/src/main/java/com/asktech/payment/model/GetePayTransactionDetails.java
/home/analytiq/Documents/Developer/asktechpaypages_kms/src/main/java/com/asktech/payment/dto/setu/response/Data.java
/home/analytiq/Documents/Developer/asktechpaypages_kms/src/main/java/com/asktech/payment/model/AtomTransactionDetails.java
/home/analytiq/Documents/Developer/asktechpaypages_kms/src/main/java/com/asktech/payment/dto/grezpay/GrezPayTransactionStatus.java
/home/analytiq/Documents/Developer/asktechpaypages_kms/src/main/java/com/asktech/payment/constants/cashfree/CashFreeCardsFields.java
/home/analytiq/Documents/Developer/asktechpaypages_kms/src/main/java/com/asktech/payment/util/nimble/ErrorDto.java
/home/analytiq/Documents/Developer/asktechpaypages_kms/src/main/java/com/asktech/payment/repository/seam/CustomerRequestRepository.java
/home/analytiq/Documents/Developer/asktechpaypages_kms/src/main/java/com/asktech/payment/util/payu/PayUPaymentUtility.java
/home/analytiq/Documents/Developer/asktechpaypages_kms/src/main/java/com/asktech/payment/service/UserRequestSeamService.java
/home/analytiq/Documents/Developer/asktechpaypages_kms/src/main/java/com/asktech/payment/service/webhook/WebhookServiceAsanpay.java
/home/analytiq/Documents/Developer/asktechpaypages_kms/src/main/java/com/asktech/payment/util/onepay/Request.java
/home/analytiq/Documents/Developer/asktechpaypages_kms/src/main/java/com/asktech/payment/util/GRZPAY/dto/PaymentResponse.java
/home/analytiq/Documents/Developer/asktechpaypages_kms/src/main/java/com/asktech/payment/util/pineperk/pineDto/PaymentInfoDataResponse.java
/home/analytiq/Documents/Developer/asktechpaypages_kms/src/main/java/com/asktech/payment/config/CORSFilter.java
/home/analytiq/Documents/Developer/asktechpaypages_kms/src/main/java/com/asktech/payment/util/trustlypay/trustlydto/Requestdto.java
/home/analytiq/Documents/Developer/asktechpaypages_kms/src/main/java/com/asktech/payment/util/grezpay/ChecksumUtils.java
/home/analytiq/Documents/Developer/asktechpaypages_kms/src/main/java/com/asktech/payment/util/Zaakpay/Dto/Transactionstatusreq.java
/home/analytiq/Documents/Developer/asktechpaypages_kms/src/main/java/com/asktech/payment/constant/Zaakpay/Zaakpayconstants.java
/home/analytiq/Documents/Developer/asktechpaypages_kms/src/main/java/com/asktech/payment/util/nimble/nimbleDto/returnData/Order.java
/home/analytiq/Documents/Developer/asktechpaypages_kms/src/main/java/com/asktech/payment/dto/nsdl/NSDLStatusResponse.java
/home/analytiq/Documents/Developer/asktechpaypages_kms/src/main/java/com/asktech/payment/model/CustomerInputDetails.java
/home/analytiq/Documents/Developer/asktechpaypages_kms/src/main/java/com/asktech/payment/util/Kitzone/Dto/StatusResult.java
/home/analytiq/Documents/Developer/asktechpaypages_kms/src/main/java/com/asktech/payment/util/Neokrednew/dto/Upiintentres.java
/home/analytiq/Documents/Developer/asktechpaypages_kms/src/main/java/com/asktech/payment/util/neoCred/neoCredDto/Customer.java
/home/analytiq/Documents/Developer/asktechpaypages_kms/src/main/java/com/asktech/payment/util/Zaakpay/HmacUtils.java
/home/analytiq/Documents/Developer/asktechpaypages_kms/src/main/java/com/asktech/payment/constants/freecharge/FreeChargeResponseFormData.java
/home/analytiq/Documents/Developer/asktechpaypages_kms/src/main/java/com/asktech/payment/util/nimble/nimbleDto/PollingStatusApiRes.java
/home/analytiq/Documents/Developer/asktechpaypages_kms/src/main/java/com/asktech/payment/util/nimble/nimbleDto/returnData/Transaction.java
/home/analytiq/Documents/Developer/asktechpaypages_kms/src/main/java/com/asktech/payment/util/nimble/nimbleDto/OrderResponseSubDto.java
/home/analytiq/Documents/Developer/asktechpaypages_kms/src/main/java/com/asktech/payment/util/trustlypay/Trustlypayutility.java
/home/analytiq/Documents/Developer/asktechpaypages_kms/src/main/java/com/asktech/payment/util/nimble/nimbleDto/UserCreateOrderResponseDto.java
/home/analytiq/Documents/Developer/asktechpaypages_kms/src/main/java/com/asktech/payment/util/Zaakpay/Dto/Netbanking.java
/home/analytiq/Documents/Developer/asktechpaypages_kms/src/main/java/com/asktech/payment/util/neoCred/neoCredDto/NeoNotifyVpaPayment.java
/home/analytiq/Documents/Developer/asktechpaypages_kms/src/main/java/com/asktech/payment/model/PGServiceDetails.java
/home/analytiq/Documents/Developer/asktechpaypages_kms/src/main/java/com/asktech/payment/model/WalletPaymentDetails.java
/home/analytiq/Documents/Developer/asktechpaypages_kms/src/main/java/com/asktech/payment/util/pineperk/pineDto/Shipping_address_data.java
/home/analytiq/Documents/Developer/asktechpaypages_kms/src/main/java/com/asktech/payment/util/onepay/OnePayPaymentUtils.java
/home/analytiq/Documents/Developer/asktechpaypages_kms/src/main/java/com/asktech/payment/dto/nsdl/NSDLCardDecryptAuthoResp.java
/home/analytiq/Documents/Developer/asktechpaypages_kms/src/main/java/com/asktech/payment/util/Kopaypayments/Dto/Collectres.java
/home/analytiq/Documents/Developer/asktechpaypages_kms/src/main/java/com/asktech/payment/dto/razorPay/OrderCreateRequest.java
/home/analytiq/Documents/Developer/asktechpaypages_kms/src/main/java/com/asktech/payment/repository/LetzpayTransactionDetailsRepository.java
/home/analytiq/Documents/Developer/asktechpaypages_kms/src/main/java/com/asktech/payment/util/Kitzone/Dto/Paymentres.java
/home/analytiq/Documents/Developer/asktechpaypages_kms/src/main/java/com/asktech/payment/util/GRZPAY/dto/Address.java
/home/analytiq/Documents/Developer/asktechpaypages_kms/src/main/java/com/asktech/payment/model/LetzpayTransactionDetails.java
/home/analytiq/Documents/Developer/asktechpaypages_kms/src/main/java/com/asktech/payment/repository/PGInputFromCustomerDetailsRepository.java
/home/analytiq/Documents/Developer/asktechpaypages_kms/src/main/java/com/asktech/payment/util/Neokrednew/dto/CallbackDto.java
/home/analytiq/Documents/Developer/asktechpaypages_kms/src/main/java/com/asktech/payment/util/pineperk/pineDto/RedirectpageFailure.java
/home/analytiq/Documents/Developer/asktechpaypages_kms/src/main/java/com/asktech/payment/model/GPAYPaymentDetails.java
/home/analytiq/Documents/Developer/asktechpaypages_kms/src/main/java/com/asktech/payment/util/PaytmUtilityFunction.java
/home/analytiq/Documents/Developer/asktechpaypages_kms/src/main/java/com/asktech/payment/model/DecentroTransactiondetails.java
/home/analytiq/Documents/Developer/asktechpaypages_kms/src/main/java/com/asktech/payment/dto/seam/UserRequest.java
/home/analytiq/Documents/Developer/asktechpaypages_kms/src/main/java/com/asktech/payment/util/asanpay/AsanPayPaymentUtility.java
/home/analytiq/Documents/Developer/asktechpaypages_kms/src/main/java/com/asktech/payment/constant/grezpay/GrezPayContants.java
/home/analytiq/Documents/Developer/asktechpaypages_kms/src/main/java/com/asktech/payment/service/PGGatewayPolicies.java
/home/analytiq/Documents/Developer/asktechpaypages_kms/src/main/java/com/asktech/payment/util/neoCred/neoCredDto/PaymentDetails.java
/home/analytiq/Documents/Developer/asktechpaypages_kms/src/main/java/com/asktech/payment/util/nimble/NimbleModel.java
/home/analytiq/Documents/Developer/asktechpaypages_kms/src/main/java/com/asktech/payment/util/nimble/nimbleDto/returnData/ReturnData.java
/home/analytiq/Documents/Developer/asktechpaypages_kms/src/main/java/com/asktech/payment/repository/AirPayTransactionDetailsRepository.java
/home/analytiq/Documents/Developer/asktechpaypages_kms/src/main/java/com/asktech/payment/dto/onepay/ResponseDecryptData.java
/home/analytiq/Documents/Developer/asktechpaypages_kms/src/main/java/com/asktech/payment/util/payg/PayGPaymentUtility.java
/home/analytiq/Documents/Developer/asktechpaypages_kms/src/main/java/com/asktech/payment/dto/razorPay/RazorPayments.java
/home/analytiq/Documents/Developer/asktechpaypages_kms/src/main/java/com/asktech/payment/model/UserDetails.java
/home/analytiq/Documents/Developer/asktechpaypages_kms/src/main/java/com/asktech/payment/util/Neokrednew/dto/Data.java
/home/analytiq/Documents/Developer/asktechpaypages_kms/src/main/java/com/asktech/payment/util/nimble/nimbleDto/OrderResponseDto.java
/home/analytiq/Documents/Developer/asktechpaypages_kms/src/main/java/com/asktech/payment/util/Perfect/Dto/Paymentcollectres.java
/home/analytiq/Documents/Developer/asktechpaypages_kms/src/main/java/com/asktech/payment/dto/utility/SignatureRequestWallet.java
/home/analytiq/Documents/Developer/asktechpaypages_kms/src/main/java/com/asktech/payment/mail/MailContentBuilder.java
/home/analytiq/Documents/Developer/asktechpaypages_kms/src/main/java/com/asktech/payment/model/seam/BankListCashfree.java
/home/analytiq/Documents/Developer/asktechpaypages_kms/src/main/java/com/asktech/payment/util/paytm/PaytmPgUtility.java
/home/analytiq/Documents/Developer/asktechpaypages_kms/src/main/java/com/asktech/payment/util/nimble/nimbleDto/NetbankingRequestDto.java
/home/analytiq/Documents/Developer/asktechpaypages_kms/src/main/java/com/asktech/payment/util/cashfree/CashFreeUtilityClass.java
/home/analytiq/Documents/Developer/asktechpaypages_kms/src/main/java/com/asktech/payment/util/Pinwallet/dto/ResDatav3.java
/home/analytiq/Documents/Developer/asktechpaypages_kms/src/main/java/com/asktech/payment/ServletInitializer.java
/home/analytiq/Documents/Developer/asktechpaypages_kms/src/main/java/com/asktech/payment/util/Kitzone/Kitzoneutility.java
/home/analytiq/Documents/Developer/asktechpaypages_kms/src/main/java/com/asktech/payment/util/PayStar/PayStarDto/PayStarRedirectPageFail.java
/home/analytiq/Documents/Developer/asktechpaypages_kms/src/main/java/com/asktech/payment/dto/setu/SetuErrorResponse.java
/home/analytiq/Documents/Developer/asktechpaypages_kms/src/main/java/com/asktech/payment/dto/payg/CustomerData.java
/home/analytiq/Documents/Developer/asktechpaypages_kms/src/main/java/com/asktech/payment/dto/payget/PaymentUPIResponseDto.java
/home/analytiq/Documents/Developer/asktechpaypages_kms/src/main/java/com/asktech/payment/repository/PayUTransactionDetailsRepository.java
/home/analytiq/Documents/Developer/asktechpaypages_kms/src/main/java/com/asktech/payment/util/Neodecentro/dto/Upires.java
/home/analytiq/Documents/Developer/asktechpaypages_kms/src/main/java/com/asktech/payment/repository/PgProfileRepo.java
/home/analytiq/Documents/Developer/asktechpaypages_kms/src/main/java/com/asktech/payment/util/pineperk/pineDto/Paymentrequest.java
/home/analytiq/Documents/Developer/asktechpaypages_kms/src/main/java/com/asktech/payment/util/nimble/nimbleDto/NimbllStatusApiRes.java
/home/analytiq/Documents/Developer/asktechpaypages_kms/src/main/java/com/asktech/payment/model/SabPaisaTransactionDetails.java
/home/analytiq/Documents/Developer/asktechpaypages_kms/src/main/java/com/asktech/payment/service/NotiFyURLService2Merchant.java
/home/analytiq/Documents/Developer/asktechpaypages_kms/src/main/java/com/asktech/payment/model/Neokredtransactiondetails.java
/home/analytiq/Documents/Developer/asktechpaypages_kms/src/main/java/com/asktech/payment/util/GRZPAY/dto/PaymentMethodDetailsupi.java
/home/analytiq/Documents/Developer/asktechpaypages_kms/src/main/java/com/asktech/payment/util/nimble/nimbleDto/returnData/User.java
/home/analytiq/Documents/Developer/asktechpaypages_kms/src/main/java/com/asktech/payment/constant/payu/PayUConstants.java
/home/analytiq/Documents/Developer/asktechpaypages_kms/src/main/java/com/asktech/payment/util/Zaakpay/Dto/PaymentInstrumentcollect.java
/home/analytiq/Documents/Developer/asktechpaypages_kms/src/main/java/com/asktech/payment/util/ippopay/IppoPayPaymentUtility.java
/home/analytiq/Documents/Developer/asktechpaypages_kms/src/main/java/com/asktech/payment/repository/Decentrotransactiondetailsrepo.java
/home/analytiq/Documents/Developer/asktechpaypages_kms/src/main/java/com/asktech/payment/util/Zaakpay/Dto/WalletreqpayInstrument.java
/home/analytiq/Documents/Developer/asktechpaypages_kms/src/main/java/com/asktech/payment/constant/paytm/PaytmResponseFormData.java
/home/analytiq/Documents/Developer/asktechpaypages_kms/src/main/java/com/asktech/payment/util/letzpay/LtzPay.java
/home/analytiq/Documents/Developer/asktechpaypages_kms/src/main/java/com/asktech/payment/util/PayStar/PaystarModelRepo.java
/home/analytiq/Documents/Developer/asktechpaypages_kms/src/main/java/com/asktech/payment/repository/WalletPaymentDetailsRepository.java
/home/analytiq/Documents/Developer/asktechpaypages_kms/src/main/java/com/asktech/payment/util/PayStar/PayStarDto/PayStarOrderidVerification.java
/home/analytiq/Documents/Developer/asktechpaypages_kms/src/main/java/com/asktech/payment/util/rblQR/RblQrUtility.java
/home/analytiq/Documents/Developer/asktechpaypages_kms/src/main/java/com/asktech/payment/repository/CustomerInputDetailsRepository.java
/home/analytiq/Documents/Developer/asktechpaypages_kms/src/main/java/com/asktech/payment/util/grezpay/GrezPayPaymentUtility.java
/home/analytiq/Documents/Developer/asktechpaypages_kms/src/main/java/com/asktech/payment/util/pineperk/HashingAlgorithm.java
/home/analytiq/Documents/Developer/asktechpaypages_kms/src/main/java/com/asktech/payment/util/Zaakpay/Dto/WalletOrderDetail.java
/home/analytiq/Documents/Developer/asktechpaypages_kms/src/main/java/com/asktech/payment/util/Kitzone/Dto/Encrypreq.java
/home/analytiq/Documents/Developer/asktechpaypages_kms/src/main/java/com/asktech/payment/util/Kitzone/Dto/Transactionstatusresultdt.java
/home/analytiq/Documents/Developer/asktechpaypages_kms/src/main/java/com/asktech/payment/util/onepay/OnePayResponseDto.java
/home/analytiq/Documents/Developer/asktechpaypages_kms/src/main/java/com/asktech/payment/dto/onepay/ResponseEncryptData.java
/home/analytiq/Documents/Developer/asktechpaypages_kms/src/main/java/com/asktech/payment/util/Neokrednew/dto/Transactiondetailsres.java
/home/analytiq/Documents/Developer/asktechpaypages_kms/src/main/java/com/asktech/payment/dto/atom/AtomTransactionStatus.java
/home/analytiq/Documents/Developer/asktechpaypages_kms/src/main/java/com/asktech/payment/repository/IppoPayTransactionDetailsRepository.java
/home/analytiq/Documents/Developer/asktechpaypages_kms/src/main/java/com/asktech/payment/dto/cashfree/MerchantDetails.java
/home/analytiq/Documents/Developer/asktechpaypages_kms/src/main/java/com/asktech/payment/util/nimble/nimbleDto/Info.java
/home/analytiq/Documents/Developer/asktechpaypages_kms/src/main/java/com/asktech/payment/model/BlockList.java
/home/analytiq/Documents/Developer/asktechpaypages_kms/src/main/java/com/asktech/payment/dto/nsdl/NSDLAuthorizationRequest.java
/home/analytiq/Documents/Developer/asktechpaypages_kms/src/main/java/com/asktech/payment/dto/PgConfigurationList.java
/home/analytiq/Documents/Developer/asktechpaypages_kms/src/main/java/com/asktech/payment/dto/error/ErrorResponseDto.java
/home/analytiq/Documents/Developer/asktechpaypages_kms/src/main/java/com/asktech/payment/model/Pinwallettransactiondetails.java
/home/analytiq/Documents/Developer/asktechpaypages_kms/src/main/java/com/asktech/payment/enums/SuccessCode.java
/home/analytiq/Documents/Developer/asktechpaypages_kms/src/main/java/com/asktech/payment/model/ServiceWisePaymentThresholdLog.java
/home/analytiq/Documents/Developer/asktechpaypages_kms/src/main/java/com/asktech/payment/service/PGGatewayService.java
/home/analytiq/Documents/Developer/asktechpaypages_kms/src/main/java/com/asktech/payment/repository/PerfectTransactionDetailsrepository.java
/home/analytiq/Documents/Developer/asktechpaypages_kms/src/main/java/com/asktech/payment/dto/freeCharge/FreeChargeResponse.java
/home/analytiq/Documents/Developer/asktechpaypages_kms/src/main/java/com/asktech/payment/repository/SabPaisaTransactionDetailsRepository.java
/home/analytiq/Documents/Developer/asktechpaypages_kms/src/main/java/com/asktech/payment/model/ZavionTransactionDetails.java
/home/analytiq/Documents/Developer/asktechpaypages_kms/src/main/java/com/asktech/payment/repository/UPIPaymentDetailsRepository.java
/home/analytiq/Documents/Developer/asktechpaypages_kms/src/main/java/com/asktech/payment/constants/cashfree/CashFreeSubmitFields.java
/home/analytiq/Documents/Developer/asktechpaypages_kms/src/main/java/com/asktech/payment/util/GRZPAY/dto/Transactionstatusreq.java
/home/analytiq/Documents/Developer/asktechpaypages_kms/src/main/java/com/asktech/payment/model/OnePayTransactionDetails.java
/home/analytiq/Documents/Developer/asktechpaypages_kms/src/main/java/com/asktech/payment/util/sayu/SayUPaymentUtility.java
/home/analytiq/Documents/Developer/asktechpaypages_kms/src/main/java/com/asktech/payment/util/nimble/NimbleUtility.java
/home/analytiq/Documents/Developer/asktechpaypages_kms/src/main/java/com/asktech/payment/dto/cashfree/SigntureRequestUpi.java
/home/analytiq/Documents/Developer/asktechpaypages_kms/src/main/java/com/asktech/payment/exception/FormValidationException.java
/home/analytiq/Documents/Developer/asktechpaypages_kms/src/main/java/com/asktech/payment/util/PaymentLogs.java
/home/analytiq/Documents/Developer/asktechpaypages_kms/src/main/java/com/asktech/payment/security/AmazonKMS.java
/home/analytiq/Documents/Developer/asktechpaypages_kms/src/main/java/com/asktech/payment/model/SMSDetails.java
/home/analytiq/Documents/Developer/asktechpaypages_kms/src/main/java/com/asktech/payment/util/pineperk/pineDto/Product_info_data.java
/home/analytiq/Documents/Developer/asktechpaypages_kms/src/main/java/com/asktech/payment/util/Zaakpay/Dto/Paymentreq.java
/home/analytiq/Documents/Developer/asktechpaypages_kms/src/main/java/com/asktech/payment/util/Zaakpay/Dto/ShippingAddress.java
/home/analytiq/Documents/Developer/asktechpaypages_kms/src/main/java/com/asktech/payment/util/nimble/nimbleDto/Extra_infoNetBankingDto.java
/home/analytiq/Documents/Developer/asktechpaypages_kms/src/main/java/com/asktech/payment/constant/UpiFields.java
/home/analytiq/Documents/Developer/asktechpaypages_kms/src/main/java/com/asktech/payment/dto/cashfree/SignatureRequestCard.java
/home/analytiq/Documents/Developer/asktechpaypages_kms/src/main/java/com/asktech/payment/dto/sabPaisa/SabPaisaTransactionStatus.java
/home/analytiq/Documents/Developer/asktechpaypages_kms/src/main/java/com/asktech/payment/repository/GPAYPaymentDetailsRepository.java
/home/analytiq/Documents/Developer/asktechpaypages_kms/src/main/java/com/asktech/payment/util/Zaakpay/Dto/WalletPaymentInstrument.java
/home/analytiq/Documents/Developer/asktechpaypages_kms/src/main/java/com/asktech/payment/repository/AtomTransactionDetailsRepository.java
/home/analytiq/Documents/Developer/asktechpaypages_kms/src/main/java/com/asktech/payment/util/Zaakpay/Dto/CallbackDto.java
/home/analytiq/Documents/Developer/asktechpaypages_kms/src/main/java/com/asktech/payment/util/airPay/dto/ChkvaluestFinal.java
/home/analytiq/Documents/Developer/asktechpaypages_kms/src/main/java/com/asktech/payment/util/GRZPAY/dto/Billingdetails.java
/home/analytiq/Documents/Developer/asktechpaypages_kms/src/main/java/com/asktech/payment/util/neoCred/neoCredDto/UpiDetails.java
/home/analytiq/Documents/Developer/asktechpaypages_kms/src/main/java/com/asktech/payment/model/AirPayTransactionDetails.java
/home/analytiq/Documents/Developer/asktechpaypages_kms/src/main/java/com/asktech/payment/dto/payg/PayGOrderRequest.java
/home/analytiq/Documents/Developer/asktechpaypages_kms/src/main/java/com/asktech/payment/repository/NSDLTransactionDetailsRepository.java
/home/analytiq/Documents/Developer/asktechpaypages_kms/src/main/java/com/asktech/payment/repository/MerchantPGServicesRepository.java
/home/analytiq/Documents/Developer/asktechpaypages_kms/src/main/java/com/asktech/payment/util/Neokrednew/dto/Data_intent.java
/home/analytiq/Documents/Developer/asktechpaypages_kms/src/main/java/com/asktech/payment/util/PayStar/PayStarUtility.java
/home/analytiq/Documents/Developer/asktechpaypages_kms/src/main/java/com/asktech/payment/security/Encryption.java
/home/analytiq/Documents/Developer/asktechpaypages_kms/src/main/java/com/asktech/payment/dto/razorPay/Error.java
/home/analytiq/Documents/Developer/asktechpaypages_kms/src/main/java/com/asktech/payment/util/Zaakpay/ZaakpayUtility.java
/home/analytiq/Documents/Developer/asktechpaypages_kms/src/main/java/com/asktech/payment/util/airPay/dto/TRANSACTION.java
/home/analytiq/Documents/Developer/asktechpaypages_kms/src/main/java/com/asktech/payment/util/Pinwallet/dto/Resdatav.java
/home/analytiq/Documents/Developer/asktechpaypages_kms/src/main/java/com/asktech/payment/enums/ApprovalStatus.java
/home/analytiq/Documents/Developer/asktechpaypages_kms/src/main/java/com/asktech/payment/model/NSDLTransactionDetails.java
/home/analytiq/Documents/Developer/asktechpaypages_kms/src/main/java/com/asktech/payment/util/letzpay/ChecksumUtils.java
/home/analytiq/Documents/Developer/asktechpaypages_kms/src/main/java/com/asktech/payment/dto/nsdl/NSDLAuthenticationEncRequest.java
/home/analytiq/Documents/Developer/asktechpaypages_kms/src/main/java/com/asktech/payment/dto/ippoPay/Phone.java
/home/analytiq/Documents/Developer/asktechpaypages_kms/src/main/java/com/asktech/payment/repository/FreeChargeTransactionDetailsRepo.java
/home/analytiq/Documents/Developer/asktechpaypages_kms/src/main/java/com/asktech/payment/model/seam/SessionDetailsNonSeamless.java
/home/analytiq/Documents/Developer/asktechpaypages_kms/src/main/java/com/asktech/payment/util/nimble/nimbleDto/Request_args.java
/home/analytiq/Documents/Developer/asktechpaypages_kms/src/main/java/com/asktech/payment/dto/razorPay/OrderCreateResponse.java
/home/analytiq/Documents/Developer/asktechpaypages_kms/src/main/java/com/asktech/payment/util/Kopaypayments/Dto/Intentres.java
/home/analytiq/Documents/Developer/asktechpaypages_kms/src/main/java/com/asktech/payment/util/pineperk/pineDto/Billing_address_data.java
/home/analytiq/Documents/Developer/asktechpaypages_kms/src/main/java/com/asktech/payment/dto/nsdl/NSDLAuthenticationRequest.java
/home/analytiq/Documents/Developer/asktechpaypages_kms/src/main/java/com/asktech/payment/model/PerfectTransactionDetails.java
/home/analytiq/Documents/Developer/asktechpaypages_kms/src/main/java/com/asktech/payment/util/Zaakpay/Dto/BillingAddress.java
/home/analytiq/Documents/Developer/asktechpaypages_kms/src/main/java/com/asktech/payment/model/TransactionDetails.java
/home/analytiq/Documents/Developer/asktechpaypages_kms/src/main/java/com/asktech/payment/dto/ippoPay/Order.java
/home/analytiq/Documents/Developer/asktechpaypages_kms/src/main/java/com/asktech/payment/util/neoCred/neoCredDto/NeoStatusResponse.java
/home/analytiq/Documents/Developer/asktechpaypages_kms/src/main/java/com/asktech/payment/model/seam/CustomerRequest.java
/home/analytiq/Documents/Developer/asktechpaypages_kms/src/main/java/com/asktech/payment/dto/nsdl/NetBanking.java
/home/analytiq/Documents/Developer/asktechpaypages_kms/src/main/java/com/asktech/payment/dto/utility/MerchantValidationFilterDto.java
/home/analytiq/Documents/Developer/asktechpaypages_kms/src/main/java/com/asktech/payment/constant/CardsFields.java
/home/analytiq/Documents/Developer/asktechpaypages_kms/src/main/java/com/asktech/payment/repository/TransactionDetailsAllRepository.java
/home/analytiq/Documents/Developer/asktechpaypages_kms/src/main/java/com/asktech/payment/repository/MerchantRequest4CustomerRepository.java
/home/analytiq/Documents/Developer/asktechpaypages_kms/src/main/java/com/asktech/payment/constants/cashfree/CashFreeFields.java
/home/analytiq/Documents/Developer/asktechpaypages_kms/src/main/java/com/asktech/payment/util/neoCred/neoCredDto/Status.java
/home/analytiq/Documents/Developer/asktechpaypages_kms/src/main/java/com/asktech/payment/model/AbstractTimeStampAndId.java
/home/analytiq/Documents/Developer/asktechpaypages_kms/src/main/java/com/asktech/payment/dto/setu/response/WebhookResponse.java
/home/analytiq/Documents/Developer/asktechpaypages_kms/src/main/java/com/asktech/payment/enums/ValidationExceptions.java
/home/analytiq/Documents/Developer/asktechpaypages_kms/src/main/java/com/asktech/payment/util/Kitzone/Dto/Callbackdto.java
/home/analytiq/Documents/Developer/asktechpaypages_kms/src/main/java/com/asktech/payment/util/neoCred/neoCredDto/CustomerResponse.java
/home/analytiq/Documents/Developer/asktechpaypages_kms/src/main/java/com/asktech/payment/util/Pinwallet/dto/Callbackdto.java
/home/analytiq/Documents/Developer/asktechpaypages_kms/src/main/java/com/asktech/payment/dto/easePay/EasePayCallBackResponse.java
/home/analytiq/Documents/Developer/asktechpaypages_kms/src/main/java/com/asktech/payment/util/Kitzone/Dto/VpapayRes.java
/home/analytiq/Documents/Developer/asktechpaypages_kms/src/main/java/com/asktech/payment/util/Pinwallet/dto/Upireq.java
/home/analytiq/Documents/Developer/asktechpaypages_kms/src/main/java/com/asktech/payment/util/Kitzone/Dto/EncTransactionstatus.java
/home/analytiq/Documents/Developer/asktechpaypages_kms/src/main/java/com/asktech/payment/model/EaseBuzzTransactionDetails.java
/home/analytiq/Documents/Developer/asktechpaypages_kms/src/main/java/com/asktech/payment/enums/TransactionMethods.java
/home/analytiq/Documents/Developer/asktechpaypages_kms/src/main/java/com/asktech/payment/dto/nsdl/NSDLStatusRequest.java
/home/analytiq/Documents/Developer/asktechpaypages_kms/src/main/java/com/asktech/payment/repository/customeinterface/IWalletList.java
/home/analytiq/Documents/Developer/asktechpaypages_kms/src/main/java/com/asktech/payment/dto/cashfree/SignatureRequestNb.java
/home/analytiq/Documents/Developer/asktechpaypages_kms/src/main/java/com/asktech/payment/model/EasePayTransactionDetails.java
/home/analytiq/Documents/Developer/asktechpaypages_kms/src/main/java/com/asktech/payment/filters/PaymentFirewallFilter.java
/home/analytiq/Documents/Developer/asktechpaypages_kms/src/main/java/com/asktech/payment/dto/payg/TransactionData.java
/home/analytiq/Documents/Developer/asktechpaypages_kms/src/main/java/com/asktech/payment/dto/cashfree/SignatureRequestWallet.java
/home/analytiq/Documents/Developer/asktechpaypages_kms/src/main/java/com/asktech/payment/constant/Fields.java
/home/analytiq/Documents/Developer/asktechpaypages_kms/src/main/java/com/asktech/payment/repository/ICICIBankTransactionDetailsRepository.java
/home/analytiq/Documents/Developer/asktechpaypages_kms/src/main/java/com/asktech/payment/util/Kitzone/Dto/PaymentresResultdt.java
/home/analytiq/Documents/Developer/asktechpaypages_kms/src/main/java/com/asktech/payment/util/Kopaypayments/Dto/Transactionstatus.java
/home/analytiq/Documents/Developer/asktechpaypages_kms/src/main/java/com/asktech/payment/util/neoCred/neoCredDto/CreateVaResponse.java
/home/analytiq/Documents/Developer/asktechpaypages_kms/src/main/java/com/asktech/payment/util/PayStar/PayStarDto/PayStarMessageFail.java
/home/analytiq/Documents/Developer/asktechpaypages_kms/src/main/java/com/asktech/payment/util/gatepay/GetePayUtilities.java
/home/analytiq/Documents/Developer/asktechpaypages_kms/src/main/java/com/asktech/payment/util/PayStar/PayStarDto/PayStartMsgDto.java
/home/analytiq/Documents/Developer/asktechpaypages_kms/src/main/java/com/asktech/payment/dto/nsdl/NSDLAuthorizationResponse.java
/home/analytiq/Documents/Developer/asktechpaypages_kms/src/main/java/com/asktech/payment/util/PayStar/PayStarDto/PaymentReq.java
/home/analytiq/Documents/Developer/asktechpaypages_kms/src/main/java/com/asktech/payment/util/Zaakpay/Dto/Callbackchecksum.java
/home/analytiq/Documents/Developer/asktechpaypages_kms/src/main/java/com/asktech/payment/repository/MerchantPGDetailsRepository.java
/home/analytiq/Documents/Developer/asktechpaypages_kms/src/main/java/com/asktech/payment/util/Pinwallet/dto/Calldata.java
/home/analytiq/Documents/Developer/asktechpaypages_kms/src/main/java/com/asktech/payment/repository/MailDetailsRepository.java
/home/analytiq/Documents/Developer/asktechpaypages_kms/src/main/java/com/asktech/payment/repository/EMIPaymentDetailsRepository.java
/home/analytiq/Documents/Developer/asktechpaypages_kms/src/main/java/com/asktech/payment/dto/payg/PayGResponse.java
/home/analytiq/Documents/Developer/asktechpaypages_kms/src/main/java/com/asktech/payment/dto/easebuzz/EaseBuzzInitiatePaymentResponse.java
/home/analytiq/Documents/Developer/asktechpaypages_kms/src/main/java/com/asktech/payment/constant/sabPaisa/SabPaisaConstants.java
/home/analytiq/Documents/Developer/asktechpaypages_kms/src/main/java/com/asktech/payment/util/PayStar/PayStarDto/PayStarTransactionReq.java
/home/analytiq/Documents/Developer/asktechpaypages_kms/src/main/java/com/asktech/payment/repository/customeinterface/ITotalPgAmount.java
/home/analytiq/Documents/Developer/asktechpaypages_kms/src/main/java/com/asktech/payment/model/Kitzonetransactionsdetails.java
/home/analytiq/Documents/Developer/asktechpaypages_kms/src/main/java/com/asktech/payment/dto/utility/SignatureRequestParent.java
/home/analytiq/Documents/Developer/asktechpaypages_kms/src/main/java/com/asktech/payment/constant/onepay/OnePayConstants.java
/home/analytiq/Documents/Developer/asktechpaypages_kms/src/main/java/com/asktech/payment/util/Perfect/PerfectRequest.java
/home/analytiq/Documents/Developer/asktechpaypages_kms/src/main/java/com/asktech/payment/model/AsanPayTransactionDetails.java
/home/analytiq/Documents/Developer/asktechpaypages_kms/src/main/java/com/asktech/payment/util/neoCred/neoCredDto/createVaResponse/Data.java
/home/analytiq/Documents/Developer/asktechpaypages_kms/src/main/java/com/asktech/payment/util/Pinwallet/dto/Authres.java
/home/analytiq/Documents/Developer/asktechpaypages_kms/src/main/java/com/asktech/payment/model/PGConfigurationDetails.java
/home/analytiq/Documents/Developer/asktechpaypages_kms/src/main/java/com/asktech/payment/service/PaymentVerification.java
/home/analytiq/Documents/Developer/asktechpaypages_kms/src/main/java/com/asktech/payment/model/MerchantPGDetails.java
/home/analytiq/Documents/Developer/asktechpaypages_kms/src/main/java/com/asktech/payment/repository/PgErrorCodeRepository.java
/home/analytiq/Documents/Developer/asktechpaypages_kms/src/main/java/com/asktech/payment/model/NBPaymentDetails.java
/home/analytiq/Documents/Developer/asktechpaypages_kms/src/main/java/com/asktech/payment/dto/paywings/PaymentResponsePayModeNB.java
/home/analytiq/Documents/Developer/asktechpaypages_kms/src/main/java/com/asktech/payment/util/pineperk/pineDto/Payment_info_data.java
/home/analytiq/Documents/Developer/asktechpaypages_kms/src/main/java/com/asktech/payment/util/airPay/AirPayPaymentUtility.java
/home/analytiq/Documents/Developer/asktechpaypages_kms/src/main/java/com/asktech/payment/constants/letzpay/LetsPayConstants.java
/home/analytiq/Documents/Developer/asktechpaypages_kms/src/main/java/com/asktech/payment/repository/Kitzonerepository.java
/home/analytiq/Documents/Developer/asktechpaypages_kms/src/main/java/com/asktech/payment/util/payaid/PayAidModelRepo.java
/home/analytiq/Documents/Developer/asktechpaypages_kms/src/main/java/com/asktech/payment/util/setu/SetuUpiUtility.java
/home/analytiq/Documents/Developer/asktechpaypages_kms/src/main/java/com/asktech/payment/dto/utilityServices/CardBinResponse.java
/home/analytiq/Documents/Developer/asktechpaypages_kms/src/main/java/com/asktech/payment/controller/ExceptionHandlerController.java
/home/analytiq/Documents/Developer/asktechpaypages_kms/src/main/java/com/asktech/payment/dto/sabPaisa/SabPaisaStatusRequest.java
/home/analytiq/Documents/Developer/asktechpaypages_kms/src/main/java/com/asktech/payment/util/Kitzone/Dto/NewpaymentReq.java
/home/analytiq/Documents/Developer/asktechpaypages_kms/src/main/java/com/asktech/payment/util/nimble/nimbleDto/TokenResponseDto.java
/home/analytiq/Documents/Developer/asktechpaypages_kms/src/main/java/com/asktech/payment/util/Zaakpay/Dto/OrderDetail.java
/home/analytiq/Documents/Developer/asktechpaypages_kms/src/main/java/com/asktech/payment/dto/setu/Error.java
/home/analytiq/Documents/Developer/asktechpaypages_kms/src/main/java/com/asktech/payment/model/seam/CardPaymentDetails.java
/home/analytiq/Documents/Developer/asktechpaypages_kms/src/main/java/com/asktech/payment/repository/GetePayTransactionDetailsRepository.java
/home/analytiq/Documents/Developer/asktechpaypages_kms/src/main/java/com/asktech/payment/model/Zaakpaytransactiondetails.java
/home/analytiq/Documents/Developer/asktechpaypages_kms/src/main/java/com/asktech/payment/util/GRZPAY/dto/Upirequest.java
/home/analytiq/Documents/Developer/asktechpaypages_kms/src/main/java/com/asktech/payment/dto/easePay/DATA.java
/home/analytiq/Documents/Developer/asktechpaypages_kms/src/main/java/com/asktech/payment/enums/UserExceptions.java
/home/analytiq/Documents/Developer/asktechpaypages_kms/src/main/java/com/asktech/payment/dto/seam/UserResponse.java
/home/analytiq/Documents/Developer/asktechpaypages_kms/src/main/java/com/asktech/payment/util/Pinwallet/dto/Authreq.java
/home/analytiq/Documents/Developer/asktechpaypages_kms/src/main/java/com/asktech/payment/dto/cashfree/SignatureRequestParent.java
/home/analytiq/Documents/Developer/asktechpaypages_kms/src/main/java/com/asktech/payment/util/nimble/nimbleDto/CustomAttributesDto.java
/home/analytiq/Documents/Developer/asktechpaypages_kms/src/main/java/com/asktech/payment/model/CashfreeTransactionDetails.java
/home/analytiq/Documents/Developer/asktechpaypages_kms/src/main/java/com/asktech/payment/util/nimble/IntiatePaymentResponseDto.java
/home/analytiq/Documents/Developer/asktechpaypages_kms/src/main/java/com/asktech/payment/dto/utilityServices/Cards.java
/home/analytiq/Documents/Developer/asktechpaypages_kms/src/main/java/com/asktech/payment/constant/WalletFields.java
/home/analytiq/Documents/Developer/asktechpaypages_kms/src/main/java/com/asktech/payment/util/Pinwallet/dto/Upiresv3.java
/home/analytiq/Documents/Developer/asktechpaypages_kms/src/main/java/com/asktech/payment/repository/NBPaymentDetailsRepository.java
/home/analytiq/Documents/Developer/asktechpaypages_kms/src/main/java/com/asktech/payment/dto/ippoPay/PaymentModes.java
/home/analytiq/Documents/Developer/asktechpaypages_kms/src/main/java/com/asktech/payment/util/GRZPAY/dto/Upi.java
/home/analytiq/Documents/Developer/asktechpaypages_kms/src/main/java/com/asktech/payment/util/zavion/ChecksumUtils.java
/home/analytiq/Documents/Developer/asktechpaypages_kms/src/main/java/com/asktech/payment/dto/gatepay/GetepayPaymentRequest.java
/home/analytiq/Documents/Developer/asktechpaypages_kms/src/main/java/com/asktech/payment/model/UserSession.java
/home/analytiq/Documents/Developer/asktechpaypages_kms/src/main/java/com/asktech/payment/util/PayStar/PayStarDto/PaymentResp.java
/home/analytiq/Documents/Developer/asktechpaypages_kms/src/main/java/com/asktech/payment/util/Zaakpay/Dto/WalletNetBanking.java
/home/analytiq/Documents/Developer/asktechpaypages_kms/src/main/java/com/asktech/payment/util/nimble/nimbleDto/returnData/Sub_payment_mode.java
/home/analytiq/Documents/Developer/asktechpaypages_kms/src/main/java/com/asktech/payment/util/Zaakpay/Dto/WalletreqOrderDetail.java
/home/analytiq/Documents/Developer/asktechpaypages_kms/src/main/java/com/asktech/payment/dto/email/MerchantEmail.java
/home/analytiq/Documents/Developer/asktechpaypages_kms/src/main/java/com/asktech/payment/util/Pinwallet/dto/Upiresv.java
/home/analytiq/Documents/Developer/asktechpaypages_kms/src/main/java/com/asktech/payment/constant/easebuzz/EasebuzzConstants.java
/home/analytiq/Documents/Developer/asktechpaypages_kms/src/main/java/com/asktech/payment/model/IsgPgTransactionDetail.java
/home/analytiq/Documents/Developer/asktechpaypages_kms/src/main/java/com/asktech/payment/model/Kopaytransactiondetails.java
/home/analytiq/Documents/Developer/asktechpaypages_kms/src/main/java/com/asktech/payment/model/RazorPayTransactionDetails.java
/home/analytiq/Documents/Developer/asktechpaypages_kms/src/main/java/com/asktech/payment/model/EMIPaymentDetails.java
/home/analytiq/Documents/Developer/asktechpaypages_kms/src/main/java/com/asktech/payment/model/MailDetails.java
/home/analytiq/Documents/Developer/asktechpaypages_kms/src/main/java/com/asktech/payment/util/Kitzone/Dto/Transactionstatusres.java
/home/analytiq/Documents/Developer/asktechpaypages_kms/src/main/java/com/asktech/payment/util/sabPaisa/SabPaisaPaymentUtility.java
/home/analytiq/Documents/Developer/asktechpaypages_kms/src/main/java/com/asktech/payment/util/Neokrednew/dto/Data_t.java
/home/analytiq/Documents/Developer/asktechpaypages_kms/src/main/java/com/asktech/payment/service/PGGatewayUtilService.java
/home/analytiq/Documents/Developer/asktechpaypages_kms/src/main/java/com/asktech/payment/util/pineperk/pineDto/OrderDataResponseDto.java
/home/analytiq/Documents/Developer/asktechpaypages_kms/src/main/java/com/asktech/payment/repository/Zaakpayrepository.java
/home/analytiq/Documents/Developer/asktechpaypages_kms/src/main/java/com/asktech/payment/dto/payg/Upi.java
/home/analytiq/Documents/Developer/asktechpaypages_kms/src/main/java/com/asktech/payment/dto/ippoPay/Data.java
/home/analytiq/Documents/Developer/asktechpaypages_kms/src/main/java/com/asktech/payment/util/Perfect/Dto/PaymentResponse.java
/home/analytiq/Documents/Developer/asktechpaypages_kms/src/main/java/com/asktech/payment/util/airPay/AirpaySecurity.java
/home/analytiq/Documents/Developer/asktechpaypages_kms/src/main/java/com/asktech/payment/dto/utility/SignatureRequestCard.java
/home/analytiq/Documents/Developer/asktechpaypages_kms/src/main/java/com/asktech/payment/dto/paywings/PaymentResponsePayModeUPI.java
/home/analytiq/Documents/Developer/asktechpaypages_kms/src/main/java/com/asktech/payment/util/Kitzone/Dto/EcryptCollectDto.java
/home/analytiq/Documents/Developer/asktechpaypages_kms/src/main/java/com/asktech/payment/dto/gatepay/GatePayPaymentResponse.java
/home/analytiq/Documents/Developer/asktechpaypages_kms/src/main/java/com/asktech/payment/util/Zaakpay/Dto/OrderDetailresponse.java
/home/analytiq/Documents/Developer/asktechpaypages_kms/src/main/java/com/asktech/payment/util/nimble/nimbleDto/NetbankingResponseDto.java
/home/analytiq/Documents/Developer/asktechpaypages_kms/src/main/java/com/asktech/payment/util/payaid/payaidDto/PaymentRequestDto.java
/home/analytiq/Documents/Developer/asktechpaypages_kms/src/main/java/com/asktech/payment/model/MerchantPGServices.java
/home/analytiq/Documents/Developer/asktechpaypages_kms/src/main/java/com/asktech/payment/dto/asanpay/AsanPayTransactionStatus.java
/home/analytiq/Documents/Developer/asktechpaypages_kms/src/main/java/com/asktech/payment/util/onepay/OnePayDecryptRes.java
/home/analytiq/Documents/Developer/asktechpaypages_kms/src/main/java/com/asktech/payment/util/PayStar/PayStarDto/PayStarRefundResp.java
/home/analytiq/Documents/Developer/asktechpaypages_kms/src/main/java/com/asktech/payment/exception/ValidationExceptions.java
/home/analytiq/Documents/Developer/asktechpaypages_kms/src/main/java/com/asktech/payment/util/airPay/dto/RESPONSE.java
/home/analytiq/Documents/Developer/asktechpaypages_kms/src/main/java/com/asktech/payment/model/CardPaymentDetails.java
/home/analytiq/Documents/Developer/asktechpaypages_kms/src/main/java/com/asktech/payment/util/Zaakpay/Dto/TxnData.java
/home/analytiq/Documents/Developer/asktechpaypages_kms/src/main/java/com/asktech/payment/util/PayStar/PayStarDto/PayStarRefundReq.java
/home/analytiq/Documents/Developer/asktechpaypages_kms/src/main/java/com/asktech/payment/util/payaid/PayaidUtility.java
/home/analytiq/Documents/Developer/asktechpaypages_kms/src/main/java/com/asktech/payment/util/Zaakpay/Dto/Walletservicereq.java
/home/analytiq/Documents/Developer/asktechpaypages_kms/src/main/java/com/asktech/payment/util/neoCred/neoCredDto/CreateCustomerVa.java
/home/analytiq/Documents/Developer/asktechpaypages_kms/src/main/java/com/asktech/payment/util/GeneralUtils.java
/home/analytiq/Documents/Developer/asktechpaypages_kms/src/main/java/com/asktech/payment/util/GRZPAY/dto/Callbackdto.java
/home/analytiq/Documents/Developer/asktechpaypages_kms/src/main/java/com/asktech/payment/config/CorsConfig.java
/home/analytiq/Documents/Developer/asktechpaypages_kms/src/main/java/com/asktech/payment/repository/MerchantDetailsRepository.java
/home/analytiq/Documents/Developer/asktechpaypages_kms/src/main/java/com/asktech/payment/model/ServiceWisePaymentThreshold.java
/home/analytiq/Documents/Developer/asktechpaypages_kms/src/main/java/com/asktech/payment/util/isgpg/IsgPgChecksum.java
/home/analytiq/Documents/Developer/asktechpaypages_kms/src/main/java/com/asktech/payment/util/atom/SignatureGenerate.java
/home/analytiq/Documents/Developer/asktechpaypages_kms/src/main/java/com/asktech/payment/dto/pgpolicy/PolicyDetails.java
/home/analytiq/Documents/Developer/asktechpaypages_kms/src/main/java/com/asktech/payment/util/airPay/dto/Chkvaluest.java
/home/analytiq/Documents/Developer/asktechpaypages_kms/src/main/java/com/asktech/payment/util/GRZPAY/dto/Customerdetailsres.java
/home/analytiq/Documents/Developer/asktechpaypages_kms/src/main/java/com/asktech/payment/util/Kitzone/Dto/StatusWithResultdt.java
/home/analytiq/Documents/Developer/asktechpaypages_kms/src/main/java/com/asktech/payment/util/Paywings/Dto/Paymentreqdto.java
/home/analytiq/Documents/Developer/asktechpaypages_kms/src/main/java/com/asktech/payment/util/GRZPAY/dto/PaymentMethodDetailswallet.java
/home/analytiq/Documents/Developer/asktechpaypages_kms/src/main/java/com/asktech/payment/util/easebuzz/EasebuzzPaymentUtils.java
/home/analytiq/Documents/Developer/asktechpaypages_kms/src/main/java/com/asktech/payment/enums/PaymentOption.java
/home/analytiq/Documents/Developer/asktechpaypages_kms/src/main/java/com/asktech/payment/util/Kopaypayments/Dto/Transactionstatusres.java
/home/analytiq/Documents/Developer/asktechpaypages_kms/src/main/java/com/asktech/payment/constant/NetBankingFields.java
/home/analytiq/Documents/Developer/asktechpaypages_kms/src/main/java/com/asktech/payment/service/PGNonSeamLessService.java
/home/analytiq/Documents/Developer/asktechpaypages_kms/src/main/java/com/asktech/payment/model/UserAdminDetails.java
/home/analytiq/Documents/Developer/asktechpaypages_kms/src/main/java/com/asktech/payment/enums/FormValidationExceptionEnums.java
/home/analytiq/Documents/Developer/asktechpaypages_kms/src/main/java/com/asktech/payment/dto/setu/response/AmountPaid.java
/home/analytiq/Documents/Developer/asktechpaypages_kms/src/main/java/com/asktech/payment/util/razorPay/RazorPayPaymentUtility.java
/home/analytiq/Documents/Developer/asktechpaypages_kms/src/main/java/com/asktech/payment/repository/ZavionTransactionDetailsRepository.java
/home/analytiq/Documents/Developer/asktechpaypages_kms/src/main/java/com/asktech/payment/util/BlockValidation.java
/home/analytiq/Documents/Developer/asktechpaypages_kms/src/main/java/com/asktech/payment/enums/TicketStatus.java
/home/analytiq/Documents/Developer/asktechpaypages_kms/src/main/java/com/asktech/payment/constants/setu/Setu.java
/home/analytiq/Documents/Developer/asktechpaypages_kms/src/main/java/com/asktech/payment/util/pineperk/pineDto/StatusResponseDto.java
/home/analytiq/Documents/Developer/asktechpaypages_kms/src/main/java/com/asktech/payment/model/PaytmTransactionDetails.java
/home/analytiq/Documents/Developer/asktechpaypages_kms/src/main/java/com/asktech/payment/util/PayStar/PayStarDto/PayStarRefundPending.java
/home/analytiq/Documents/Developer/asktechpaypages_kms/src/main/java/com/asktech/payment/util/neoCred/NeoCredSaveData.java
/home/analytiq/Documents/Developer/asktechpaypages_kms/src/main/java/com/asktech/payment/util/Paywings/PaywingsRequest.java
/home/analytiq/Documents/Developer/asktechpaypages_kms/src/main/java/com/asktech/payment/model/EasyPayLogs.java
/home/analytiq/Documents/Developer/asktechpaypages_kms/src/main/java/com/asktech/payment/util/neoCred/neoCredDto/CustomerAuthenticate.java
/home/analytiq/Documents/Developer/asktechpaypages_kms/src/main/java/com/asktech/payment/util/atom/AtomUtilityClass.java
/home/analytiq/Documents/Developer/asktechpaypages_kms/src/main/java/com/asktech/payment/dto/nsdl/NSDLAuthorizationEncRequest.java
/home/analytiq/Documents/Developer/asktechpaypages_kms/src/main/java/com/asktech/payment/constant/zavion/ZavionContants.java
/home/analytiq/Documents/Developer/asktechpaypages_kms/src/main/java/com/asktech/payment/util/Validator.java
/home/analytiq/Documents/Developer/asktechpaypages_kms/src/main/java/com/asktech/payment/util/atom/AtomIntegration.java
/home/analytiq/Documents/Developer/asktechpaypages_kms/src/main/java/com/asktech/payment/util/Zaakpay/Dto/Walletserviceres.java
/home/analytiq/Documents/Developer/asktechpaypages_kms/src/main/java/com/asktech/payment/util/nimble/nimbleDto/ShippingAddressDto.java
/home/analytiq/Documents/Developer/asktechpaypages_kms/src/main/java/com/asktech/payment/report/IAmountThresold.java
/home/analytiq/Documents/Developer/asktechpaypages_kms/src/main/java/com/asktech/payment/util/EncryptSignature.java
/home/analytiq/Documents/Developer/asktechpaypages_kms/src/main/java/com/asktech/payment/util/PayStar/PaystarModel.java
/home/analytiq/Documents/Developer/asktechpaypages_kms/src/main/java/com/asktech/payment/util/Neodecentro/dto/Upireq.java
/home/analytiq/Documents/Developer/asktechpaypages_kms/src/main/java/com/asktech/payment/constant/airPay/AirPayConstants.java
/home/analytiq/Documents/Developer/asktechpaypages_kms/src/main/java/com/asktech/payment/util/Kitzone/Dto/EncTransactionstatusRrn.java
/home/analytiq/Documents/Developer/asktechpaypages_kms/src/main/java/com/asktech/payment/exception/UserException.java
/home/analytiq/Documents/Developer/asktechpaypages_kms/src/main/java/com/asktech/payment/dto/payg/Wallet.java
/home/analytiq/Documents/Developer/asktechpaypages_kms/src/main/java/com/asktech/payment/constant/paytm/PaytmConstants.java
/home/analytiq/Documents/Developer/asktechpaypages_kms/src/main/java/com/asktech/payment/repository/AsanPayTransactionDetailsRepository.java
/home/analytiq/Documents/Developer/asktechpaypages_kms/src/main/java/com/asktech/payment/model/PgErrorCodes.java
/home/analytiq/Documents/Developer/asktechpaypages_kms/src/main/java/com/asktech/payment/dto/easePay/StatusApiResDto.java
/home/analytiq/Documents/Developer/asktechpaypages_kms/src/main/java/com/asktech/payment/util/nimble/NimbleSaveData.java
/home/analytiq/Documents/Developer/asktechpaypages_kms/src/main/java/com/asktech/payment/util/Zaakpay/Dto/Netbankingcollect.java
/home/analytiq/Documents/Developer/asktechpaypages_kms/src/main/java/com/asktech/payment/constant/ReturnMerchantAttributes.java
/home/analytiq/Documents/Developer/asktechpaypages_kms/src/main/java/com/asktech/payment/util/PayStar/PayStarDto/PayStarRefundMsgSuccess.java
/home/analytiq/Documents/Developer/asktechpaypages_kms/src/main/java/com/asktech/payment/util/Neodecentro/dto/Datat.java
/home/analytiq/Documents/Developer/asktechpaypages_kms/src/main/java/com/asktech/payment/dto/seam/CrLinkdto.java
/home/analytiq/Documents/Developer/asktechpaypages_kms/src/main/java/com/asktech/payment/model/TransactionDetailsAll.java
/home/analytiq/Documents/Developer/asktechpaypages_kms/src/main/java/com/asktech/payment/constant/Keys.java
/home/analytiq/Documents/Developer/asktechpaypages_kms/src/main/java/com/asktech/payment/enums/UserStatus.java
/home/analytiq/Documents/Developer/asktechpaypages_kms/src/main/java/com/asktech/payment/util/Neokrednew/dto/Vpaverifyrequest.java
/home/analytiq/Documents/Developer/asktechpaypages_kms/src/main/java/com/asktech/payment/repository/customeinterface/IBankList.java
/home/analytiq/Documents/Developer/asktechpaypages_kms/src/main/java/com/asktech/payment/dto/payg/IntegrationData.java
/home/analytiq/Documents/Developer/asktechpaypages_kms/src/main/java/com/asktech/payment/util/nimble/nimbleDto/OrderRequestDto.java
/home/analytiq/Documents/Developer/asktechpaypages_kms/src/main/java/com/asktech/payment/dto/utility/SigntureRequestEmi.java
/home/analytiq/Documents/Developer/asktechpaypages_kms/src/main/java/com/asktech/payment/constant/ErrorValues.java
/home/analytiq/Documents/Developer/asktechpaypages_kms/src/main/java/com/asktech/payment/util/nsdl/DataHashing.java
/home/analytiq/Documents/Developer/asktechpaypages_kms/src/main/java/com/asktech/payment/util/GRZPAY/dto/Type.java
/home/analytiq/Documents/Developer/asktechpaypages_kms/src/main/java/com/asktech/payment/model/PGInputFromCustomerDetails.java
/home/analytiq/Documents/Developer/asktechpaypages_kms/src/main/java/com/asktech/payment/dto/cashfree/SigntureRequestEmi.java
/home/analytiq/Documents/Developer/asktechpaypages_kms/src/main/java/com/asktech/payment/util/Pinwallet/dto/Resdata.java
/home/analytiq/Documents/Developer/asktechpaypages_kms/src/main/java/com/asktech/payment/util/Pinwallet/dto/Upireqv3.java
/home/analytiq/Documents/Developer/asktechpaypages_kms/src/main/java/com/asktech/payment/util/nimble/nimbleDto/PaymentResUpiDto.java
/home/analytiq/Documents/Developer/asktechpaypages_kms/src/main/java/com/asktech/payment/util/Zaakpay/Dto/WalletreqNB.java
/home/analytiq/Documents/Developer/asktechpaypages_kms/src/main/java/com/asktech/payment/util/onepay/EncryptionOnePay.java
/home/analytiq/Documents/Developer/asktechpaypages_kms/src/main/java/com/asktech/payment/util/Neokrednew/dto/Transactiondetailsreq.java
/home/analytiq/Documents/Developer/asktechpaypages_kms/src/main/java/com/asktech/payment/util/Neodecentro/dto/UpiIntentdto.java
/home/analytiq/Documents/Developer/asktechpaypages_kms/src/main/java/com/asktech/payment/controller/SeamCustomerRequestController.java
/home/analytiq/Documents/Developer/asktechpaypages_kms/src/main/java/com/asktech/payment/repository/PayGTransactionDetailsRepository.java
/home/analytiq/Documents/Developer/asktechpaypages_kms/src/main/java/com/asktech/payment/util/nimble/nimbleDto/returnData/Device.java
/home/analytiq/Documents/Developer/asktechpaypages_kms/src/main/java/com/asktech/payment/dto/ippoPay/IppoPayOrderResponse.java
/home/analytiq/Documents/Developer/asktechpaypages_kms/src/main/java/com/asktech/payment/util/GRZPAY/dto/Walletrequest.java
/home/analytiq/Documents/Developer/asktechpaypages_kms/src/main/java/com/asktech/payment/util/airPay/dto/statusapi/RESPONSEsta.java
/home/analytiq/Documents/Developer/asktechpaypages_kms/src/main/java/com/asktech/payment/model/ResponstToMerchantDetails.java
/home/analytiq/Documents/Developer/asktechpaypages_kms/src/main/java/com/asktech/payment/util/Neodecentro/dto/Transactionstatusres.java
/home/analytiq/Documents/Developer/asktechpaypages_kms/src/main/java/com/asktech/payment/repository/ResponstToMerchantDetailsRepository.java
/home/analytiq/Documents/Developer/asktechpaypages_kms/src/main/java/com/asktech/payment/util/easypay/EasyPayUtility.java
/home/analytiq/Documents/Developer/asktechpaypages_kms/src/main/java/com/asktech/payment/dto/email/CustomerEmail.java
/home/analytiq/Documents/Developer/asktechpaypages_kms/src/main/java/com/asktech/payment/constants/payget/PayGetCardsFields.java
/home/analytiq/Documents/Developer/asktechpaypages_kms/src/main/java/com/asktech/payment/util/PayStar/PayStarDto/PayStarRefundPendingMessage.java
/home/analytiq/Documents/Developer/asktechpaypages_kms/src/main/java/com/asktech/payment/repository/NeoCredTransactionDetailsRepo.java
/home/analytiq/Documents/Developer/asktechpaypages_kms/src/main/java/com/asktech/payment/util/pineperk/pineDto/PineTokenResponseDto.java
/home/analytiq/Documents/Developer/asktechpaypages_kms/src/main/java/com/asktech/payment/repository/InputFromPgTransactionUpdateRepository.java
/home/analytiq/Documents/Developer/asktechpaypages_kms/src/main/java/com/asktech/payment/enums/PGServices.java
/home/analytiq/Documents/Developer/asktechpaypages_kms/src/main/java/com/asktech/payment/util/GRZPAY/dto/Netbankingrequest.java
/home/analytiq/Documents/Developer/asktechpaypages_kms/src/main/java/com/asktech/payment/util/Kitzone/Dto/ResultDt.java
/home/analytiq/Documents/Developer/asktechpaypages_kms/src/main/java/com/asktech/payment/filters/PaymentFirewallFilterConfig.java
/home/analytiq/Documents/Developer/asktechpaypages_kms/src/main/java/com/asktech/payment/util/pineperk/pineDto/Additional_info_data.java
/home/analytiq/Documents/Developer/asktechpaypages_kms/src/main/java/com/asktech/payment/util/pineperk/pineDto/Carddata.java
/home/analytiq/Documents/Developer/asktechpaypages_kms/src/main/java/com/asktech/payment/dto/setu/ApiResponse.java
/home/analytiq/Documents/Developer/asktechpaypages_kms/src/main/java/com/asktech/payment/util/nsdl/DataEncryptionDecryption.java
/home/analytiq/Documents/Developer/asktechpaypages_kms/src/main/java/com/asktech/payment/util/Kitzone/Dto/ResultDttrans.java
/home/analytiq/Documents/Developer/asktechpaypages_kms/src/main/java/com/asktech/payment/util/Pinwallet/Pinutility.java
/home/analytiq/Documents/Developer/asktechpaypages_kms/src/main/java/com/asktech/payment/dto/setu/PaymentLink.java
/home/analytiq/Documents/Developer/asktechpaypages_kms/src/main/java/com/asktech/payment/dto/setu/SetuPaymentLinkCreation.java
/home/analytiq/Documents/Developer/asktechpaypages_kms/src/main/java/com/asktech/payment/util/Kopaypayments/Kopayutility.java
/home/analytiq/Documents/Developer/asktechpaypages_kms/src/main/java/com/asktech/payment/util/Neodecentro/dto/Data.java
/home/analytiq/Documents/Developer/asktechpaypages_kms/src/main/java/com/asktech/payment/repository/GrezPayTransactionDetailsRepository.java
/home/analytiq/Documents/Developer/asktechpaypages_kms/src/main/java/com/asktech/payment/constants/freecharge/Freechagre.java
/home/analytiq/Documents/Developer/asktechpaypages_kms/src/main/java/com/asktech/payment/util/StatusCodes.java
/home/analytiq/Documents/Developer/asktechpaypages_kms/src/main/java/com/asktech/payment/util/Neokrednew/NeokredSaveData.java
/home/analytiq/Documents/Developer/asktechpaypages_kms/src/main/java/com/asktech/payment/dto/nsdl/NSDLStatusEncRequest.java
/home/analytiq/Documents/Developer/asktechpaypages_kms/src/main/java/com/asktech/payment/dto/utility/SigntureRequestUpi.java
/home/analytiq/Documents/Developer/asktechpaypages_kms/src/main/java/com/asktech/payment/exception/JWTException.java
/home/analytiq/Documents/Developer/asktechpaypages_kms/src/main/java/com/asktech/payment/constant/gatepay/GatePayContants.java
/home/analytiq/Documents/Developer/asktechpaypages_kms/src/main/java/com/asktech/payment/dto/razorPay/Card.java
/home/analytiq/Documents/Developer/asktechpaypages_kms/src/main/java/com/asktech/payment/constant/atom/AtomConstants.java
/home/analytiq/Documents/Developer/asktechpaypages_kms/src/main/java/com/asktech/payment/repository/PaytmTransactionDetailsRepository.java
/home/analytiq/Documents/Developer/asktechpaypages_kms/src/main/java/com/asktech/payment/util/Kitzone/Dto/Datum.java
/home/analytiq/Documents/Developer/asktechpaypages_kms/src/main/java/com/asktech/payment/util/PayStar/PayStarDto/PayStarRedirectPageSuccess.java
/home/analytiq/Documents/Developer/asktechpaypages_kms/src/main/java/com/asktech/payment/constant/ippopay/IppoPayConstants.java
/home/analytiq/Documents/Developer/asktechpaypages_kms/src/main/java/com/asktech/payment/dto/easePay/StatusRes.java
/home/analytiq/Documents/Developer/asktechpaypages_kms/src/main/java/com/asktech/payment/util/neoCred/neoCredDto/BankDetails.java
/home/analytiq/Documents/Developer/asktechpaypages_kms/src/main/java/com/asktech/payment/constant/onepay/OnePayTransactionResponse.java
/home/analytiq/Documents/Developer/asktechpaypages_kms/src/main/java/com/asktech/payment/util/Kitzone/Dto/Paymentreq.java
/home/analytiq/Documents/Developer/asktechpaypages_kms/src/main/java/com/asktech/payment/model/PgProfile.java
/home/analytiq/Documents/Developer/asktechpaypages_kms/src/main/java/com/asktech/payment/util/pineperk/pineDto/RedirectpageSuccess.java
/home/analytiq/Documents/Developer/asktechpaypages_kms/src/main/java/com/asktech/payment/dto/setu/response/PartnerDetails.java
/home/analytiq/Documents/Developer/asktechpaypages_kms/src/main/java/com/asktech/payment/repository/IsgPgTransactionDetailRepo.java
/home/analytiq/Documents/Developer/asktechpaypages_kms/src/main/java/com/asktech/payment/util/icici/ICICIUtilityClass.java
/home/analytiq/Documents/Developer/asktechpaypages_kms/src/main/java/com/asktech/payment/repository/RazorPayTransactionDetailsRepository.java
/home/analytiq/Documents/Developer/asktechpaypages_kms/src/main/java/com/asktech/payment/util/nimble/NimbleModelRepo.java
/home/analytiq/Documents/Developer/asktechpaypages_kms/src/main/java/com/asktech/payment/constants/setu/SetuResponseFormData.java
/home/analytiq/Documents/Developer/asktechpaypages_kms/src/main/java/com/asktech/payment/util/payu/PayuStatusTest.java
/home/analytiq/Documents/Developer/asktechpaypages_kms/src/main/java/com/asktech/payment/util/Zaakpay/Dto/Data.java
/home/analytiq/Documents/Developer/asktechpaypages_kms/src/main/java/com/asktech/payment/util/Zaakpay/Dto/Realtime.java
/home/analytiq/Documents/Developer/asktechpaypages_kms/src/main/java/com/asktech/payment/util/Zaakpay/Dto/Order.java
/home/analytiq/Documents/Developer/asktechpaypages_kms/src/main/java/com/asktech/payment/model/Grzpaytransactiondetails.java
/home/analytiq/Documents/Developer/asktechpaypages_kms/src/main/java/com/asktech/payment/util/easypay/CheckSumUtils.java
/home/analytiq/Documents/Developer/asktechpaypages_kms/src/main/java/com/asktech/payment/enums/AskTechGateway.java
/home/analytiq/Documents/Developer/asktechpaypages_kms/src/main/java/com/asktech/payment/util/freecharge/FreeChargeUtility.java
/home/analytiq/Documents/Developer/asktechpaypages_kms/src/main/java/com/asktech/payment/util/Perfect/PerfectUtility.java
/home/analytiq/Documents/Developer/asktechpaypages_kms/src/main/java/com/asktech/payment/model/SetuWebhookResponse.java
/home/analytiq/Documents/Developer/asktechpaypages_kms/src/main/java/com/asktech/payment/util/Neokrednew/dto/Data_s.java
/home/analytiq/Documents/Developer/asktechpaypages_kms/src/main/java/com/asktech/payment/util/Paywings/PaywingsProcessor.java
/home/analytiq/Documents/Developer/asktechpaypages_kms/src/main/java/com/asktech/payment/util/Pinwallet/dto/Callbackdtov4.java
/home/analytiq/Documents/Developer/asktechpaypages_kms/src/main/java/com/asktech/payment/util/neoCred/NeoCredUtility.java
/home/analytiq/Documents/Developer/asktechpaypages_kms/src/main/java/com/asktech/payment/model/Callbacklog.java
/home/analytiq/Documents/Developer/asktechpaypages_kms/src/main/java/com/asktech/payment/util/onepay/dto/Callbackdto.java
/home/analytiq/Documents/Developer/asktechpaypages_kms/src/main/java/com/asktech/payment/util/nimble/nimbleDto/PollingStatusApi.java
/home/analytiq/Documents/Developer/asktechpaypages_kms/src/main/java/com/asktech/payment/util/asanpay/ChecksumUtils.java
/home/analytiq/Documents/Developer/asktechpaypages_kms/src/main/java/com/asktech/payment/util/nimble/nimbleDto/PaymentReqUpiDto.java
/home/analytiq/Documents/Developer/asktechpaypages_kms/src/main/java/com/asktech/payment/repository/PaymentGatewayLogsReporsitory.java
/home/analytiq/Documents/Developer/asktechpaypages_kms/src/main/java/com/asktech/payment/repository/EasePayTransactionDetailsRepository.java
/home/analytiq/Documents/Developer/asktechpaypages_kms/src/main/java/com/asktech/payment/dto/payget/ResultInfo.java
/home/analytiq/Documents/Developer/asktechpaypages_kms/src/main/java/com/asktech/payment/util/Zaakpay/Dto/Txn.java
/home/analytiq/Documents/Developer/asktechpaypages_kms/src/main/java/com/asktech/payment/util/GRZPAY/dto/Transactionstatusres.java
/home/analytiq/Documents/Developer/asktechpaypages_kms/src/main/java/com/asktech/payment/repository/CashfreeTransactionDetailsRepository.java
/home/analytiq/Documents/Developer/asktechpaypages_kms/src/main/java/com/asktech/payment/dto/payg/OrderPaymentTransactionDetail.java
/home/analytiq/Documents/Developer/asktechpaypages_kms/src/main/java/com/asktech/payment/util/Pinwallet/dto/Upires.java
/home/analytiq/Documents/Developer/asktechpaypages_kms/src/main/java/com/asktech/payment/util/Zaakpay/Dto/OrderDetailcollect.java
/home/analytiq/Documents/Developer/asktechpaypages_kms/src/main/java/com/asktech/payment/util/FieldDefinitionsNonSeamless.java
/home/analytiq/Documents/Developer/asktechpaypages_kms/src/main/java/com/asktech/payment/util/Kitzone/Dto/Encrypres.java
/home/analytiq/Documents/Developer/asktechpaypages_kms/src/main/java/com/asktech/payment/dto/payg/PayGOrderStatusRequest.java
/home/analytiq/Documents/Developer/asktechpaypages_kms/src/main/java/com/asktech/payment/util/nimble/nimbleDto/UserDto.java
/home/analytiq/Documents/Developer/asktechpaypages_kms/src/main/java/com/asktech/payment/util/nimble/nimbleDto/AuthPrincipal.java
/home/analytiq/Documents/Developer/asktechpaypages_kms/src/main/java/com/asktech/payment/util/Paywings/PaywingsUtility.java
/home/analytiq/Documents/Developer/asktechpaypages_kms/src/main/java/com/asktech/payment/util/Neokrednew/dto/Upitransfer.java
/home/analytiq/Documents/Developer/asktechpaypages_kms/src/main/java/com/asktech/payment/repository/Grzpayrepository.java
/home/analytiq/Documents/Developer/asktechpaypages_kms/src/main/java/com/asktech/payment/util/PayStar/PayStarDto/PayStarMessageSuccess.java
/home/analytiq/Documents/Developer/asktechpaypages_kms/src/main/java/com/asktech/payment/util/Zaakpay/Dto/OrderDetailreq.java
/home/analytiq/Documents/Developer/asktechpaypages_kms/src/main/java/com/asktech/payment/enums/ComplaintStatus.java
/home/analytiq/Documents/Developer/asktechpaypages_kms/src/main/java/com/asktech/payment/repository/SetuLinkGenerationRepository.java
/home/analytiq/Documents/Developer/asktechpaypages_kms/src/main/java/com/asktech/payment/repository/CardPaymentDetailsRepository.java
/home/analytiq/Documents/Developer/asktechpaypages_kms/src/main/java/com/asktech/payment/repository/seam/BankListCashfreeRepository.java
/home/analytiq/Documents/Developer/asktechpaypages_kms/src/main/java/com/asktech/payment/util/Neodecentro/dto/CallbackDto.java
/home/analytiq/Documents/Developer/asktechpaypages_kms/src/main/java/com/asktech/payment/model/SetuLinkGeneration.java
/home/analytiq/Documents/Developer/asktechpaypages_kms/src/main/java/com/asktech/payment/dto/setu/Amount.java
/home/analytiq/Documents/Developer/asktechpaypages_kms/src/main/java/com/asktech/payment/util/pineperk/PinePerkUtility.java
/home/analytiq/Documents/Developer/asktechpaypages_kms/src/main/java/com/asktech/payment/util/pineperk/pineDto/Product_details.java
/home/analytiq/Documents/Developer/asktechpaypages_kms/src/main/java/com/asktech/payment/repository/NeokredtransactiondetailsRepository.java
/home/analytiq/Documents/Developer/asktechpaypages_kms/src/main/java/com/asktech/payment/util/Pinwallet/dto/Partner.java
/home/analytiq/Documents/Developer/asktechpaypages_kms/src/main/java/com/asktech/payment/util/atom/AtomAES.java
/home/analytiq/Documents/Developer/asktechpaypages_kms/src/main/java/com/asktech/payment/enums/UserTypes.java
/home/analytiq/Documents/Developer/asktechpaypages_kms/src/main/java/com/asktech/payment/constant/MerchantResponseContants.java
/home/analytiq/Documents/Developer/asktechpaypages_kms/src/main/java/com/asktech/payment/util/Kitzone/Dto/VpapayresResultdt.java
/home/analytiq/Documents/Developer/asktechpaypages_kms/src/main/java/com/asktech/payment/dto/utility/SignatureRequestAll.java
/home/analytiq/Documents/Developer/asktechpaypages_kms/src/main/java/com/asktech/payment/exception/SessionExpiredException.java
/home/analytiq/Documents/Developer/asktechpaypages_kms/src/main/java/com/asktech/payment/model/ICICIBankTransactionDetails.java
/home/analytiq/Documents/Developer/asktechpaypages_kms/src/main/java/com/asktech/payment/dto/cashfree/SignatureRequestPaypal.java
/home/analytiq/Documents/Developer/asktechpaypages_kms/src/main/java/com/asktech/payment/util/nimble/nimbleDto/TokenRequestDto.java
/home/analytiq/Documents/Developer/asktechpaypages_kms/src/main/java/com/asktech/payment/util/nimble/nimbleDto/IntiatePaymentRequestUpiDto.java
/home/analytiq/Documents/Developer/asktechpaypages_kms/src/main/java/com/asktech/payment/model/PayUTransactionDetails.java
/home/analytiq/Documents/Developer/asktechpaypages_kms/src/main/java/com/asktech/payment/dto/nsdl/NSDLAuthenticationResponse.java
/home/analytiq/Documents/Developer/asktechpaypages_kms/src/main/java/com/asktech/payment/dto/utilityServices/CardBinDetails.java
/home/analytiq/Documents/Developer/asktechpaypages_kms/src/main/java/com/asktech/payment/util/Perfect/Dto/Transactionstatusres.java
/home/analytiq/Documents/Developer/asktechpaypages_kms/src/main/java/com/asktech/payment/util/nimble/nimbleDto/StatusApiNimbblRes.java
/home/analytiq/Documents/Developer/asktechpaypages_kms/src/main/java/com/asktech/payment/util/pineperk/pineDto/Customer_data.java
/home/analytiq/Documents/Developer/asktechpaypages_kms/src/main/java/com/asktech/payment/model/PayGTransactionDetails.java
/home/analytiq/Documents/Developer/asktechpaypages_kms/src/main/java/com/asktech/payment/util/Kopaypayments/Dto/Dataum.java
/home/analytiq/Documents/Developer/asktechpaypages_kms/src/main/java/com/asktech/payment/util/SetuTokenGeneration.java
/home/analytiq/Documents/Developer/asktechpaypages_kms/src/main/java/com/asktech/payment/util/airPay/dto/statusapi/TRANSACTION.java
/home/analytiq/Documents/Developer/asktechpaypages_kms/src/main/java/com/asktech/payment/util/nimble/nimbleDto/OrderLineItemDto.java
/home/analytiq/Documents/Developer/asktechpaypages_kms/src/main/java/com/asktech/payment/controller/WebhookController.java
/home/analytiq/Documents/Developer/asktechpaypages_kms/src/main/java/com/asktech/payment/PaymentApplication.java
/home/analytiq/Documents/Developer/asktechpaypages_kms/src/main/java/com/asktech/payment/util/Neokrednew/Neokredutility.java
/home/analytiq/Documents/Developer/asktechpaypages_kms/src/main/java/com/asktech/payment/dto/razorPay/PaymentPageRequest.java
/home/analytiq/Documents/Developer/asktechpaypages_kms/src/main/java/com/asktech/payment/util/Utility.java
/home/analytiq/Documents/Developer/asktechpaypages_kms/src/main/java/com/asktech/payment/util/SecurityUtils.java
/home/analytiq/Documents/Developer/asktechpaypages_kms/src/main/java/com/asktech/payment/model/TransactionDetailsLog.java
/home/analytiq/Documents/Developer/asktechpaypages_kms/src/main/java/com/asktech/payment/constant/TransactioMethods.java
/home/analytiq/Documents/Developer/asktechpaypages_kms/src/main/java/com/asktech/payment/model/PaygetTransactionsDetails.java
/home/analytiq/Documents/Developer/asktechpaypages_kms/src/main/java/com/asktech/payment/util/Neokrednew/dto/Data_qr.java
/home/analytiq/Documents/Developer/asktechpaypages_kms/src/main/java/com/asktech/payment/dto/utility/SignatureRequestNb.java
/home/analytiq/Documents/Developer/asktechpaypages_kms/src/main/java/com/asktech/payment/util/PayStar/PayStarDto/PayStarStatusResponse.java
/home/analytiq/Documents/Developer/asktechpaypages_kms/src/main/java/com/asktech/payment/util/Neokrednew/dto/Upitransferres.java
/home/analytiq/Documents/Developer/asktechpaypages_kms/src/main/java/com/asktech/payment/util/pineperk/pineDto/Merchant_data.java
/home/analytiq/Documents/Developer/asktechpaypages_kms/src/main/java/com/asktech/payment/model/UPIPaymentDetails.java
/home/analytiq/Documents/Developer/asktechpaypages_kms/src/main/java/com/asktech/payment/dto/payg/PayGErrorResponse.java
/home/analytiq/Documents/Developer/asktechpaypages_kms/src/main/java/com/asktech/payment/model/MerchantDetails.java
/home/analytiq/Documents/Developer/asktechpaypages_kms/src/main/java/com/asktech/payment/repository/PGServiceDetailsRepository.java
/home/analytiq/Documents/Developer/asktechpaypages_kms/src/main/java/com/asktech/payment/util/payget/PaygetUtility.java
/home/analytiq/Documents/Developer/asktechpaypages_kms/src/main/java/com/asktech/payment/repository/BankListRepository.java
/home/analytiq/Documents/Developer/asktechpaypages_kms/src/main/java/com/asktech/payment/constant/icici/ICICIConstants.java
/home/analytiq/Documents/Developer/asktechpaypages_kms/src/main/java/com/asktech/payment/util/Kopaypayments/Dto/Intentreq.java
/home/analytiq/Documents/Developer/asktechpaypages_kms/src/main/java/com/asktech/payment/dto/setu/Data.java
/home/analytiq/Documents/Developer/asktechpaypages_kms/src/main/java/com/asktech/payment/dto/ippoPay/IppoPayOrderCreateRequest.java
/home/analytiq/Documents/Developer/asktechpaypages_kms/src/main/java/com/asktech/payment/util/pineperk/pineDto/Pineperk.java
